[    0.000000] Linux version 6.16.1-061601-generic (kernel@balboa) (x86_64-linux-gnu-gcc-14 (Ubuntu 14.2.0-23ubuntu1) 14.2.0, GNU ld (GNU Binutils for Ubuntu) 2.44) #202508151544 SMP PREEMPT_DYNAMIC Fri Aug 15 21:39:08 UTC 2025
[    0.000000] Command line: BOOT_IMAGE=/boot/vmlinuz-6.16.1-061601-generic root=UUID=abca6667-1fef-4c79-9f71-64028d3bd545 ro crashkernel=2G-4G:320M,4G-32G:512M,32G-64G:1024M,64G-128G:2048M,128G-:4096M
[    0.000000] KERNEL supported cpus:
[    0.000000]   Intel GenuineIntel
[    0.000000]   AMD AuthenticAMD
[    0.000000]   Hygon HygonGenuine
[    0.000000]   Centaur CentaurHauls
[    0.000000]   zhaoxin   Shanghai  
[    0.000000] BIOS-provided physical RAM map:
[    0.000000] BIOS-e820: [mem 0x0000000000000000-0x000000000009ffff] usable
[    0.000000] BIOS-e820: [mem 0x00000000000a0000-0x00000000000fffff] reserved
[    0.000000] BIOS-e820: [mem 0x0000000000100000-0x0000000009d1efff] usable
[    0.000000] BIOS-e820: [mem 0x0000000009d1f000-0x0000000009ffffff] reserved
[    0.000000] BIOS-e820: [mem 0x000000000a000000-0x000000000a1fffff] usable
[    0.000000] BIOS-e820: [mem 0x000000000a200000-0x000000000a20dfff] ACPI NVS
[    0.000000] BIOS-e820: [mem 0x000000000a20e000-0x00000000c3273fff] usable
[    0.000000] BIOS-e820: [mem 0x00000000c3274000-0x00000000c3274fff] reserved
[    0.000000] BIOS-e820: [mem 0x00000000c3275000-0x00000000ca074fff] usable
[    0.000000] BIOS-e820: [mem 0x00000000ca075000-0x00000000ca47bfff] reserved
[    0.000000] BIOS-e820: [mem 0x00000000ca47c000-0x00000000ca601fff] ACPI data
[    0.000000] BIOS-e820: [mem 0x00000000ca602000-0x00000000ca9ecfff] ACPI NVS
[    0.000000] BIOS-e820: [mem 0x00000000ca9ed000-0x00000000cb9fefff] reserved
[    0.000000] BIOS-e820: [mem 0x00000000cb9ff000-0x00000000ccffffff] usable
[    0.000000] BIOS-e820: [mem 0x00000000cd000000-0x00000000cfffffff] reserved
[    0.000000] BIOS-e820: [mem 0x00000000f0000000-0x00000000f7ffffff] reserved
[    0.000000] BIOS-e820: [mem 0x00000000fd200000-0x00000000fd2fffff] reserved
[    0.000000] BIOS-e820: [mem 0x00000000fd400000-0x00000000fd5fffff] reserved
[    0.000000] BIOS-e820: [mem 0x00000000fea00000-0x00000000fea0ffff] reserved
[    0.000000] BIOS-e820: [mem 0x00000000feb80000-0x00000000fec01fff] reserved
[    0.000000] BIOS-e820: [mem 0x00000000fec10000-0x00000000fec10fff] reserved
[    0.000000] BIOS-e820: [mem 0x00000000fed00000-0x00000000fed00fff] reserved
[    0.000000] BIOS-e820: [mem 0x00000000fed40000-0x00000000fed44fff] reserved
[    0.000000] BIOS-e820: [mem 0x00000000fed80000-0x00000000fed8ffff] reserved
[    0.000000] BIOS-e820: [mem 0x00000000fedc2000-0x00000000fedcffff] reserved
[    0.000000] BIOS-e820: [mem 0x00000000fedd4000-0x00000000fedd5fff] reserved
[    0.000000] BIOS-e820: [mem 0x00000000ff000000-0x00000000ffffffff] reserved
[    0.000000] BIOS-e820: [mem 0x0000000100000000-0x000000202f2fffff] usable
[    0.000000] BIOS-e820: [mem 0x000000202f300000-0x000000202fffffff] reserved
[    0.000000] NX (Execute Disable) protection: active
[    0.000000] APIC: Static calls initialized
[    0.000000] efi: EFI v2.7 by American Megatrends
[    0.000000] efi: ACPI=0xca601000 ACPI 2.0=0xca601014 TPMFinalLog=0xca9a0000 SMBIOS=0xcb7e6000 SMBIOS 3.0=0xcb7e5000 MEMATTR=0xc538d818 ESRT=0xc6db4118 MOKvar=0xcb846000 INITRD=0xc165e818 RNG=0xca5ddc18 TPMEventLog=0xca4bc018 
[    0.000000] random: crng init done
[    0.000000] efi: Remove mem66: MMIO range=[0xf0000000-0xf7ffffff] (128MB) from e820 map
[    0.000000] e820: remove [mem 0xf0000000-0xf7ffffff] reserved
[    0.000000] efi: Remove mem67: MMIO range=[0xfd200000-0xfd2fffff] (1MB) from e820 map
[    0.000000] e820: remove [mem 0xfd200000-0xfd2fffff] reserved
[    0.000000] efi: Remove mem68: MMIO range=[0xfd400000-0xfd5fffff] (2MB) from e820 map
[    0.000000] e820: remove [mem 0xfd400000-0xfd5fffff] reserved
[    0.000000] efi: Not removing mem69: MMIO range=[0xfea00000-0xfea0ffff] (64KB) from e820 map
[    0.000000] efi: Remove mem70: MMIO range=[0xfeb80000-0xfec01fff] (0MB) from e820 map
[    0.000000] e820: remove [mem 0xfeb80000-0xfec01fff] reserved
[    0.000000] efi: Not removing mem71: MMIO range=[0xfec10000-0xfec10fff] (4KB) from e820 map
[    0.000000] efi: Not removing mem72: MMIO range=[0xfed00000-0xfed00fff] (4KB) from e820 map
[    0.000000] efi: Not removing mem73: MMIO range=[0xfed40000-0xfed44fff] (20KB) from e820 map
[    0.000000] efi: Not removing mem74: MMIO range=[0xfed80000-0xfed8ffff] (64KB) from e820 map
[    0.000000] efi: Not removing mem75: MMIO range=[0xfedc2000-0xfedcffff] (56KB) from e820 map
[    0.000000] efi: Not removing mem76: MMIO range=[0xfedd4000-0xfedd5fff] (8KB) from e820 map
[    0.000000] efi: Remove mem77: MMIO range=[0xff000000-0xffffffff] (16MB) from e820 map
[    0.000000] e820: remove [mem 0xff000000-0xffffffff] reserved
[    0.000000] SMBIOS 3.3.0 present.
[    0.000000] DMI: System manufacturer System Product Name/ROG STRIX X570-E GAMING, BIOS 5041 08/07/2025
[    0.000000] DMI: Memory slots populated: 4/4
[    0.000000] tsc: Fast TSC calibration using PIT
[    0.000000] tsc: Detected 3393.473 MHz processor
[    0.000116] e820: update [mem 0x00000000-0x00000fff] usable ==> reserved
[    0.000118] e820: remove [mem 0x000a0000-0x000fffff] usable
[    0.000124] last_pfn = 0x202f300 max_arch_pfn = 0x400000000
[    0.000131] total RAM covered: 3327M
[    0.000227] Found optimal setting for mtrr clean up
[    0.000227]  gran_size: 64K 	chunk_size: 128M 	num_reg: 4  	lose cover RAM: 0G
[    0.000230] MTRR map: 8 entries (4 fixed + 4 variable; max 21), built from 9 variable MTRRs
[    0.000231] x86/PAT: Configuration [0-7]: WB  WC  UC- UC  WB  WP  UC- WT  
[    0.000440] e820: update [mem 0xca6d0000-0xca6dffff] usable ==> reserved
[    0.000445] e820: update [mem 0xd0000000-0xffffffff] usable ==> reserved
[    0.000448] last_pfn = 0xcd000 max_arch_pfn = 0x400000000
[    0.003158] esrt: Reserving ESRT space from 0x00000000c6db4118 to 0x00000000c6db4150.
[    0.003164] e820: update [mem 0xc6db4000-0xc6db4fff] usable ==> reserved
[    0.003177] Using GB pages for direct mapping
[    0.003694] Secure boot disabled
[    0.003694] RAMDISK: [mem 0xaf887000-0xb56a4fff]
[    0.003962] ACPI: Early table checksum verification disabled
[    0.003966] ACPI: RSDP 0x00000000CA601014 000024 (v02 ALASKA)
[    0.003968] ACPI: XSDT 0x00000000CA600728 0000E4 (v01 ALASKA A M I    01072009 AMI  01000013)
[    0.003972] ACPI: FACP 0x00000000CA5F1000 000114 (v06 ALASKA A M I    01072009 AMI  00010013)
[    0.003976] ACPI: DSDT 0x00000000CA5E3000 00DC40 (v02 ALASKA A M I    01072009 INTL 20120913)
[    0.003977] ACPI: FACS 0x00000000CA9D0000 000040
[    0.003979] ACPI: SSDT 0x00000000CA5F7000 008CE9 (v02 AMD    AmdTable 00000002 MSFT 04000000)
[    0.003980] ACPI: SSDT 0x00000000CA5F3000 003B8E (v02 AMD    AMD AOD  00000001 INTL 20120913)
[    0.003982] ACPI: SSDT 0x00000000CA5F2000 0001CC (v02 ALASKA CPUSSDT  01072009 AMI  01072009)
[    0.003983] ACPI: FIDT 0x00000000CA5E2000 00009C (v01 ALASKA A M I    01072009 AMI  00010013)
[    0.003985] ACPI: MCFG 0x00000000CA5E0000 00003C (v01 ALASKA A M I    01072009 MSFT 00010013)
[    0.003987] ACPI: HPET 0x00000000CA5DF000 000038 (v01 ALASKA A M I    01072009 AMI  00000005)
[    0.003988] ACPI: SSDT 0x00000000CA5DE000 000024 (v01 AMD    BIXBY    00001000 INTL 20120913)
[    0.003990] ACPI: IVRS 0x00000000CA5DC000 0000D0 (v02 AMD    AmdTable 00000001 AMD  00000001)
[    0.003991] ACPI: VFCT 0x00000000CA5CD000 00E684 (v01 ALASKA A M I    00000001 AMD  33504F47)
[    0.003993] ACPI: BGRT 0x00000000CA5CC000 000038 (v01 ALASKA A M I    01072009 AMI  00010013)
[    0.003994] ACPI: WPBT 0x00000000CA4E3000 00003C (v01 ALASKA A M I    00000001 ASUS 00000001)
[    0.003996] ACPI: TPM2 0x00000000CA4E2000 00004C (v04 ALASKA A M I    00000001 AMI  00000000)
[    0.003997] ACPI: PCCT 0x00000000CA4E1000 00006E (v02 AMD    AmdTable 00000001 AMD  00000001)
[    0.003999] ACPI: SSDT 0x00000000CA4D8000 008033 (v02 AMD    AmdTable 00000001 AMD  00000001)
[    0.004000] ACPI: CRAT 0x00000000CA4D6000 001710 (v01 AMD    AmdTable 00000001 AMD  00000001)
[    0.004001] ACPI: CDIT 0x00000000CA4D5000 000029 (v01 AMD    AmdTable 00000001 AMD  00000001)
[    0.004003] ACPI: SSDT 0x00000000CA4D4000 0002C2 (v02 AMD    QOGIRDGP 00000001 INTL 20120913)
[    0.004004] ACPI: SSDT 0x00000000CA4D2000 0010C9 (v02 AMD    QOGIRTPX 00000001 INTL 20120913)
[    0.004006] ACPI: SSDT 0x00000000CA4D1000 00052C (v02 AMD    QOGIRNOI 00000001 INTL 20120913)
[    0.004007] ACPI: SSDT 0x00000000CA4CD000 003E6E (v02 AMD    QOGIRN   00000001 INTL 20120913)
[    0.004008] ACPI: WSMT 0x00000000CA4CC000 000028 (v01 ALASKA A M I    01072009 AMI  00010013)
[    0.004010] ACPI: APIC 0x00000000CA4CB000 00015E (v04 ALASKA A M I    01072009 AMI  00010013)
[    0.004011] ACPI: FPDT 0x00000000CA4CA000 000044 (v01 ALASKA A M I    01072009 AMI  01000013)
[    0.004013] ACPI: Reserving FACP table memory at [mem 0xca5f1000-0xca5f1113]
[    0.004013] ACPI: Reserving DSDT table memory at [mem 0xca5e3000-0xca5f0c3f]
[    0.004014] ACPI: Reserving FACS table memory at [mem 0xca9d0000-0xca9d003f]
[    0.004014] ACPI: Reserving SSDT table memory at [mem 0xca5f7000-0xca5ffce8]
[    0.004015] ACPI: Reserving SSDT table memory at [mem 0xca5f3000-0xca5f6b8d]
[    0.004015] ACPI: Reserving SSDT table memory at [mem 0xca5f2000-0xca5f21cb]
[    0.004015] ACPI: Reserving FIDT table memory at [mem 0xca5e2000-0xca5e209b]
[    0.004016] ACPI: Reserving MCFG table memory at [mem 0xca5e0000-0xca5e003b]
[    0.004016] ACPI: Reserving HPET table memory at [mem 0xca5df000-0xca5df037]
[    0.004017] ACPI: Reserving SSDT table memory at [mem 0xca5de000-0xca5de023]
[    0.004017] ACPI: Reserving IVRS table memory at [mem 0xca5dc000-0xca5dc0cf]
[    0.004018] ACPI: Reserving VFCT table memory at [mem 0xca5cd000-0xca5db683]
[    0.004018] ACPI: Reserving BGRT table memory at [mem 0xca5cc000-0xca5cc037]
[    0.004018] ACPI: Reserving WPBT table memory at [mem 0xca4e3000-0xca4e303b]
[    0.004019] ACPI: Reserving TPM2 table memory at [mem 0xca4e2000-0xca4e204b]
[    0.004019] ACPI: Reserving PCCT table memory at [mem 0xca4e1000-0xca4e106d]
[    0.004020] ACPI: Reserving SSDT table memory at [mem 0xca4d8000-0xca4e0032]
[    0.004020] ACPI: Reserving CRAT table memory at [mem 0xca4d6000-0xca4d770f]
[    0.004020] ACPI: Reserving CDIT table memory at [mem 0xca4d5000-0xca4d5028]
[    0.004021] ACPI: Reserving SSDT table memory at [mem 0xca4d4000-0xca4d42c1]
[    0.004021] ACPI: Reserving SSDT table memory at [mem 0xca4d2000-0xca4d30c8]
[    0.004022] ACPI: Reserving SSDT table memory at [mem 0xca4d1000-0xca4d152b]
[    0.004022] ACPI: Reserving SSDT table memory at [mem 0xca4cd000-0xca4d0e6d]
[    0.004022] ACPI: Reserving WSMT table memory at [mem 0xca4cc000-0xca4cc027]
[    0.004023] ACPI: Reserving APIC table memory at [mem 0xca4cb000-0xca4cb15d]
[    0.004023] ACPI: Reserving FPDT table memory at [mem 0xca4ca000-0xca4ca043]
[    0.004128] No NUMA configuration found
[    0.004129] Faking a node at [mem 0x0000000000000000-0x000000202f2fffff]
[    0.004136] NODE_DATA(0) allocated [mem 0x202f2d5280-0x202f2fffff]
[    0.004247] crashkernel low memory reserved: 0x9f000000 - 0xaf000000 (256 MB)
[    0.004248] crashkernel reserved: 0x0000001f2f000000 - 0x000000202f000000 (4096 MB)
[    0.004341] Zone ranges:
[    0.004342]   DMA      [mem 0x0000000000001000-0x0000000000ffffff]
[    0.004343]   DMA32    [mem 0x0000000001000000-0x00000000ffffffff]
[    0.004344]   Normal   [mem 0x0000000100000000-0x000000202f2fffff]
[    0.004344]   Device   empty
[    0.004345] Movable zone start for each node
[    0.004346] Early memory node ranges
[    0.004346]   node   0: [mem 0x0000000000001000-0x000000000009ffff]
[    0.004347]   node   0: [mem 0x0000000000100000-0x0000000009d1efff]
[    0.004348]   node   0: [mem 0x000000000a000000-0x000000000a1fffff]
[    0.004348]   node   0: [mem 0x000000000a20e000-0x00000000c3273fff]
[    0.004349]   node   0: [mem 0x00000000c3275000-0x00000000ca074fff]
[    0.004349]   node   0: [mem 0x00000000cb9ff000-0x00000000ccffffff]
[    0.004350]   node   0: [mem 0x0000000100000000-0x000000202f2fffff]
[    0.004357] Initmem setup node 0 [mem 0x0000000000001000-0x000000202f2fffff]
[    0.004362] On node 0, zone DMA: 1 pages in unavailable ranges
[    0.004372] On node 0, zone DMA: 96 pages in unavailable ranges
[    0.004459] On node 0, zone DMA32: 737 pages in unavailable ranges
[    0.006653] On node 0, zone DMA32: 14 pages in unavailable ranges
[    0.006771] On node 0, zone DMA32: 1 pages in unavailable ranges
[    0.006822] On node 0, zone DMA32: 6538 pages in unavailable ranges
[    0.141300] On node 0, zone Normal: 12288 pages in unavailable ranges
[    0.141317] On node 0, zone Normal: 3328 pages in unavailable ranges
[    0.142044] ACPI: PM-Timer IO Port: 0x808
[    0.142055] ACPI: LAPIC_NMI (acpi_id[0xff] high edge lint[0x1])
[    0.142064] IOAPIC[0]: apic_id 33, version 33, address 0xfec00000, GSI 0-23
[    0.142068] IOAPIC[1]: apic_id 34, version 33, address 0xfec01000, GSI 24-55
[    0.142070] ACPI: INT_SRC_OVR (bus 0 bus_irq 0 global_irq 2 dfl dfl)
[    0.142071] ACPI: INT_SRC_OVR (bus 0 bus_irq 9 global_irq 9 low level)
[    0.142073] ACPI: Using ACPI (MADT) for SMP configuration information
[    0.142074] ACPI: HPET id: 0x10228201 base: 0xfed00000
[    0.142082] e820: update [mem 0xc55e1000-0xc56d4fff] usable ==> reserved
[    0.142095] CPU topo: Max. logical packages:   1
[    0.142096] CPU topo: Max. logical dies:       1
[    0.142096] CPU topo: Max. dies per package:   1
[    0.142098] CPU topo: Max. threads per core:   2
[    0.142099] CPU topo: Num. cores per package:    16
[    0.142100] CPU topo: Num. threads per package:  32
[    0.142100] CPU topo: Allowing 32 present CPUs plus 0 hotplug CPUs
[    0.142118] PM: hibernation: Registered nosave memory: [mem 0x00000000-0x00000fff]
[    0.142119] PM: hibernation: Registered nosave memory: [mem 0x000a0000-0x000fffff]
[    0.142120] PM: hibernation: Registered nosave memory: [mem 0x09d1f000-0x09ffffff]
[    0.142121] PM: hibernation: Registered nosave memory: [mem 0x0a200000-0x0a20dfff]
[    0.142122] PM: hibernation: Registered nosave memory: [mem 0xc3274000-0xc3274fff]
[    0.142123] PM: hibernation: Registered nosave memory: [mem 0xc55e1000-0xc56d4fff]
[    0.142124] PM: hibernation: Registered nosave memory: [mem 0xc6db4000-0xc6db4fff]
[    0.142125] PM: hibernation: Registered nosave memory: [mem 0xca075000-0xcb9fefff]
[    0.142126] PM: hibernation: Registered nosave memory: [mem 0xcd000000-0xffffffff]
[    0.142127] [mem 0xd0000000-0xfe9fffff] available for PCI devices
[    0.142128] Booting paravirtualized kernel on bare hardware
[    0.142130] clocksource: refined-jiffies: mask: 0xffffffff max_cycles: 0xffffffff, max_idle_ns: 1910969940391419 ns
[    0.142142] setup_percpu: NR_CPUS:8192 nr_cpumask_bits:32 nr_cpu_ids:32 nr_node_ids:1
[    0.143695] percpu: Embedded 84 pages/cpu s221184 r8192 d114688 u524288
[    0.143701] pcpu-alloc: s221184 r8192 d114688 u524288 alloc=1*2097152
[    0.143703] pcpu-alloc: [0] 00 01 02 03 [0] 04 05 06 07 
[    0.143705] pcpu-alloc: [0] 08 09 10 11 [0] 12 13 14 15 
[    0.143708] pcpu-alloc: [0] 16 17 18 19 [0] 20 21 22 23 
[    0.143710] pcpu-alloc: [0] 24 25 26 27 [0] 28 29 30 31 
[    0.143725] Kernel command line: BOOT_IMAGE=/boot/vmlinuz-6.16.1-061601-generic root=UUID=abca6667-1fef-4c79-9f71-64028d3bd545 ro crashkernel=2G-4G:320M,4G-32G:512M,32G-64G:1024M,64G-128G:2048M,128G-:4096M
[    0.143764] Unknown kernel command line parameters "BOOT_IMAGE=/boot/vmlinuz-6.16.1-061601-generic", will be passed to user space.
[    0.143778] printk: log buffer data + meta data: 262144 + 917504 = 1179648 bytes
[    0.148070] Dentry cache hash table entries: 8388608 (order: 14, 67108864 bytes, linear)
[    0.150194] Inode-cache hash table entries: 4194304 (order: 13, 33554432 bytes, linear)
[    0.150359] software IO TLB: area num 32.
[    0.158699] Fallback order for Node 0: 0 
[    0.158704] Built 1 zonelists, mobility grouping on.  Total pages: 33531429
[    0.158705] Policy zone: Normal
[    0.158711] mem auto-init: stack:all(zero), heap alloc:on, heap free:off
[    0.333710] SLUB: HWalign=64, Order=0-3, MinObjects=0, CPUs=32, Nodes=1
[    0.343839] ftrace: allocating 60687 entries in 240 pages
[    0.343841] ftrace: allocated 240 pages with 4 groups
[    0.344626] Dynamic Preempt: voluntary
[    0.344725] rcu: Preemptible hierarchical RCU implementation.
[    0.344726] rcu: 	RCU restricting CPUs from NR_CPUS=8192 to nr_cpu_ids=32.
[    0.344727] 	Trampoline variant of Tasks RCU enabled.
[    0.344727] 	Rude variant of Tasks RCU enabled.
[    0.344728] 	Tracing variant of Tasks RCU enabled.
[    0.344728] rcu: RCU calculated value of scheduler-enlistment delay is 100 jiffies.
[    0.344729] rcu: Adjusting geometry for rcu_fanout_leaf=16, nr_cpu_ids=32
[    0.344741] RCU Tasks: Setting shift to 5 and lim to 1 rcu_task_cb_adjust=1 rcu_task_cpu_ids=32.
[    0.344742] RCU Tasks Rude: Setting shift to 5 and lim to 1 rcu_task_cb_adjust=1 rcu_task_cpu_ids=32.
[    0.344744] RCU Tasks Trace: Setting shift to 5 and lim to 1 rcu_task_cb_adjust=1 rcu_task_cpu_ids=32.
[    0.347546] NR_IRQS: 524544, nr_irqs: 1224, preallocated irqs: 16
[    0.347747] rcu: srcu_init: Setting srcu_struct sizes based on contention.
[    0.347848] Console: colour dummy device 80x25
[    0.347850] printk: legacy console [tty0] enabled
[    0.348069] ACPI: Core revision 20250404
[    0.348201] clocksource: hpet: mask: 0xffffffff max_cycles: 0xffffffff, max_idle_ns: 133484873504 ns
[    0.348220] APIC: Switch to symmetric I/O mode setup
[    0.348584] AMD-Vi: Using global IVHD EFR:0x0, EFR2:0x0
[    0.673207] x2apic: IRQ remapping doesn't support X2APIC mode
[    0.673860] ..TIMER: vector=0x30 apic1=0 pin1=2 apic2=-1 pin2=-1
[    0.678231] clocksource: tsc-early: mask: 0xffffffffffffffff max_cycles: 0x30ea38ea7cb, max_idle_ns: 440795249056 ns
[    0.678236] Calibrating delay loop (skipped), value calculated using timer frequency.. 6786.94 BogoMIPS (lpj=3393473)
[    0.678252] x86/cpu: User Mode Instruction Prevention (UMIP) activated
[    0.678303] LVT offset 1 assigned for vector 0xf9
[    0.678452] LVT offset 2 assigned for vector 0xf4
[    0.678485] Last level iTLB entries: 4KB 512, 2MB 512, 4MB 256
[    0.678487] Last level dTLB entries: 4KB 2048, 2MB 2048, 4MB 1024, 1GB 0
[    0.678490] process: using mwait in idle threads
[    0.678493] Speculative Store Bypass: Mitigation: Speculative Store Bypass disabled via prctl
[    0.678496] Transient Scheduler Attacks: Mitigation: Clear CPU buffers
[    0.678497] Spectre V2 : Mitigation: Retpolines
[    0.678499] Spectre V2 : User space: Mitigation: STIBP always-on protection
[    0.678500] Speculative Return Stack Overflow: Mitigation: Safe RET
[    0.678502] Spectre V1 : Mitigation: usercopy/swapgs barriers and __user pointer sanitization
[    0.678504] Spectre V2 : Spectre v2 / SpectreRSB: Filling RSB on context switch and VMEXIT
[    0.678505] Spectre V2 : Enabling Restricted Speculation for firmware calls
[    0.678508] Spectre V2 : mitigation: Enabling conditional Indirect Branch Prediction Barrier
[    0.678514] x86/fpu: Supporting XSAVE feature 0x001: 'x87 floating point registers'
[    0.678516] x86/fpu: Supporting XSAVE feature 0x002: 'SSE registers'
[    0.678517] x86/fpu: Supporting XSAVE feature 0x004: 'AVX registers'
[    0.678518] x86/fpu: Supporting XSAVE feature 0x200: 'Protection Keys User registers'
[    0.678520] x86/fpu: Supporting XSAVE feature 0x800: 'Control-flow User registers'
[    0.678522] x86/fpu: xstate_offset[2]:  576, xstate_sizes[2]:  256
[    0.678524] x86/fpu: xstate_offset[9]:  832, xstate_sizes[9]:    8
[    0.678525] x86/fpu: xstate_offset[11]:  840, xstate_sizes[11]:   16
[    0.678527] x86/fpu: Enabled xstate features 0xa07, context size is 856 bytes, using 'compacted' format.
[    0.705935] Freeing SMP alternatives memory: 52K
[    0.705942] pid_max: default: 32768 minimum: 301
[    0.708991] LSM: initializing lsm=lockdown,capability,landlock,yama,apparmor,ima,evm
[    0.709077] landlock: Up and running.
[    0.709080] Yama: becoming mindful.
[    0.709198] AppArmor: AppArmor initialized
[    0.709359] Mount-cache hash table entries: 131072 (order: 8, 1048576 bytes, linear)
[    0.709434] Mountpoint-cache hash table entries: 131072 (order: 8, 1048576 bytes, linear)
[    0.812602] smpboot: CPU0: AMD Ryzen 9 5950X 16-Core Processor (family: 0x19, model: 0x21, stepping: 0x0)
[    0.812812] Performance Events: Fam17h+ core perfctr, AMD PMU driver.
[    0.812822] ... version:                0
[    0.812825] ... bit width:              48
[    0.812827] ... generic registers:      6
[    0.812830] ... value mask:             0000ffffffffffff
[    0.812833] ... max period:             00007fffffffffff
[    0.812837] ... fixed-purpose events:   0
[    0.812839] ... event mask:             000000000000003f
[    0.812962] signal: max sigframe size: 3376
[    0.813014] rcu: Hierarchical SRCU implementation.
[    0.813018] rcu: 	Max phase no-delay instances is 400.
[    0.813066] Timer migration: 2 hierarchy levels; 8 children per group; 2 crossnode level
[    0.817150] NMI watchdog: Enabled. Permanently consumes one hw-PMU counter.
[    0.817381] smp: Bringing up secondary CPUs ...
[    0.817486] smpboot: x86: Booting SMP configuration:
[    0.817491] .... node  #0, CPUs:        #1  #2  #3  #4  #5  #6  #7  #8  #9 #10 #11 #12 #13 #14 #15 #16 #17 #18 #19 #20 #21 #22 #23 #24 #25 #26 #27 #28 #29 #30 #31
[    0.841389] Spectre V2 : Update user space SMT mitigation: STIBP always-on
[    0.858290] smp: Brought up 1 node, 32 CPUs
[    0.858290] smpboot: Total of 32 processors activated (217182.27 BogoMIPS)
[    0.860495] Memory: 127204976K/134125716K available (22126K kernel code, 4682K rwdata, 15424K rodata, 5084K init, 4364K bss, 6881036K reserved, 0K cma-reserved)
[    0.862469] devtmpfs: initialized
[    0.862469] x86/mm: Memory block size: 2048MB
[    0.864744] ACPI: PM: Registering ACPI NVS region [mem 0x0a200000-0x0a20dfff] (57344 bytes)
[    0.864744] ACPI: PM: Registering ACPI NVS region [mem 0xca602000-0xca9ecfff] (4108288 bytes)
[    0.864744] clocksource: jiffies: mask: 0xffffffff max_cycles: 0xffffffff, max_idle_ns: 1911260446275000 ns
[    0.864744] posixtimers hash table entries: 16384 (order: 6, 262144 bytes, linear)
[    0.864744] futex hash table entries: 8192 (524288 bytes on 1 NUMA nodes, total 512 KiB, linear).
[    0.864744] pinctrl core: initialized pinctrl subsystem
[    0.865267] PM: RTC time: 20:55:41, date: 2025-08-21
[    0.865740] NET: Registered PF_NETLINK/PF_ROUTE protocol family
[    0.866051] DMA: preallocated 4096 KiB GFP_KERNEL pool for atomic allocations
[    0.866215] DMA: preallocated 4096 KiB GFP_KERNEL|GFP_DMA pool for atomic allocations
[    0.866382] DMA: preallocated 4096 KiB GFP_KERNEL|GFP_DMA32 pool for atomic allocations
[    0.866394] audit: initializing netlink subsys (disabled)
[    0.866403] audit: type=2000 audit(1755809741.195:1): state=initialized audit_enabled=0 res=1
[    0.866403] thermal_sys: Registered thermal governor 'fair_share'
[    0.866403] thermal_sys: Registered thermal governor 'bang_bang'
[    0.866403] thermal_sys: Registered thermal governor 'step_wise'
[    0.866403] thermal_sys: Registered thermal governor 'user_space'
[    0.866403] thermal_sys: Registered thermal governor 'power_allocator'
[    0.866420] cpuidle: using governor ladder
[    0.866433] cpuidle: using governor menu
[    0.866470] Detected 1 PCC Subspaces
[    0.866473] Registering PCC driver as Mailbox controller
[    0.866576] acpiphp: ACPI Hot Plug PCI Controller Driver version: 0.5
[    0.866576] PCI: ECAM [mem 0xf0000000-0xf7ffffff] (base 0xf0000000) for domain 0000 [bus 00-7f]
[    0.866576] PCI: Using configuration type 1 for base access
[    0.867291] kprobes: kprobe jump-optimization is enabled. All kprobes are optimized if possible.
[    0.867324] HugeTLB: allocation took 0ms with hugepage_allocation_threads=8
[    0.867324] HugeTLB: registered 1.00 GiB page size, pre-allocated 0 pages
[    0.867324] HugeTLB: 16380 KiB vmemmap can be freed for a 1.00 GiB page
[    0.867324] HugeTLB: registered 2.00 MiB page size, pre-allocated 0 pages
[    0.867324] HugeTLB: 28 KiB vmemmap can be freed for a 2.00 MiB page
[    0.868368] fbcon: Taking over console
[    0.868407] ACPI: Added _OSI(Module Device)
[    0.868411] ACPI: Added _OSI(Processor Device)
[    0.868414] ACPI: Added _OSI(Processor Aggregator Device)
[    0.894207] ACPI: 10 ACPI AML tables successfully acquired and loaded
[    0.897447] ACPI: [Firmware Bug]: BIOS _OSI(Linux) query ignored
[    0.902489] ACPI: EC: EC started
[    0.902493] ACPI: EC: interrupt blocked
[    0.903338] ACPI: EC: EC_CMD/EC_SC=0x66, EC_DATA=0x62
[    0.903343] ACPI: \_SB_.PCI0.SBRG.EC0_: Boot DSDT EC used to handle transactions
[    0.903347] ACPI: Interpreter enabled
[    0.903372] ACPI: PM: (supports S0 S3 S4 S5)
[    0.903375] ACPI: Using IOAPIC for interrupt routing
[    0.905558] PCI: Using host bridge windows from ACPI; if necessary, use "pci=nocrs" and report a bug
[    0.905563] PCI: Ignoring E820 reservations for host bridge windows
[    0.906032] ACPI: Enabled 2 GPEs in block 00 to 1F
[    0.924762] ACPI: PCI Root Bridge [PCI0] (domain 0000 [bus 00-ff])
[    0.924771] acpi PNP0A08:00: _OSC: OS supports [ExtendedConfig ASPM ClockPM Segments MSI EDR HPX-Type3]
[    0.924938] acpi PNP0A08:00: _OSC: platform does not support [SHPCHotplug LTR DPC]
[    0.925246] acpi PNP0A08:00: _OSC: OS now controls [PCIeHotplug PME AER PCIeCapability]
[    0.925262] acpi PNP0A08:00: [Firmware Info]: ECAM [mem 0xf0000000-0xf7ffffff] for domain 0000 [bus 00-7f] only partially covers this bridge
[    0.925919] PCI host bridge to bus 0000:00
[    0.925925] pci_bus 0000:00: root bus resource [io  0x0000-0x03af window]
[    0.925931] pci_bus 0000:00: root bus resource [io  0x03e0-0x0cf7 window]
[    0.925935] pci_bus 0000:00: root bus resource [io  0x03b0-0x03df window]
[    0.925939] pci_bus 0000:00: root bus resource [io  0x0d00-0xffff window]
[    0.925943] pci_bus 0000:00: root bus resource [mem 0x000a0000-0x000dffff window]
[    0.925948] pci_bus 0000:00: root bus resource [mem 0xd0000000-0xfcffffff window]
[    0.925953] pci_bus 0000:00: root bus resource [mem 0x2030000000-0x7fffffffff window]
[    0.925958] pci_bus 0000:00: root bus resource [bus 00-ff]
[    0.925977] pci 0000:00:00.0: [1022:1480] type 00 class 0x060000 conventional PCI endpoint
[    0.926113] pci 0000:00:00.2: [1022:1481] type 00 class 0x080600 conventional PCI endpoint
[    0.926241] pci 0000:00:01.0: [1022:1482] type 00 class 0x060000 conventional PCI endpoint
[    0.926327] pci 0000:00:01.1: [1022:1483] type 01 class 0x060400 PCIe Root Port
[    0.926347] pci 0000:00:01.1: PCI bridge to [bus 01]
[    0.926355] pci 0000:00:01.1:   bridge window [mem 0xfcf00000-0xfcffffff]
[    0.926372] pci 0000:00:01.1: enabling Extended Tags
[    0.926429] pci 0000:00:01.1: PME# supported from D0 D3hot D3cold
[    0.926587] pci 0000:00:01.2: [1022:1483] type 01 class 0x060400 PCIe Root Port
[    0.926607] pci 0000:00:01.2: PCI bridge to [bus 02-0a]
[    0.926614] pci 0000:00:01.2:   bridge window [io  0xd000-0xefff]
[    0.926620] pci 0000:00:01.2:   bridge window [mem 0xfc200000-0xfc9fffff]
[    0.926636] pci 0000:00:01.2: enabling Extended Tags
[    0.926689] pci 0000:00:01.2: PME# supported from D0 D3hot D3cold
[    0.926877] pci 0000:00:02.0: [1022:1482] type 00 class 0x060000 conventional PCI endpoint
[    0.926961] pci 0000:00:03.0: [1022:1482] type 00 class 0x060000 conventional PCI endpoint
[    0.927042] pci 0000:00:03.1: [1022:1483] type 01 class 0x060400 PCIe Root Port
[    0.927062] pci 0000:00:03.1: PCI bridge to [bus 0b-0d]
[    0.927069] pci 0000:00:03.1:   bridge window [io  0xf000-0xffff]
[    0.927074] pci 0000:00:03.1:   bridge window [mem 0xfcd00000-0xfcefffff]
[    0.927084] pci 0000:00:03.1:   bridge window [mem 0x7800000000-0x7c0fffffff 64bit pref]
[    0.927143] pci 0000:00:03.1: PME# supported from D0 D3hot D3cold
[    0.927292] pci 0000:00:04.0: [1022:1482] type 00 class 0x060000 conventional PCI endpoint
[    0.927374] pci 0000:00:05.0: [1022:1482] type 00 class 0x060000 conventional PCI endpoint
[    0.927457] pci 0000:00:07.0: [1022:1482] type 00 class 0x060000 conventional PCI endpoint
[    0.927537] pci 0000:00:07.1: [1022:1484] type 01 class 0x060400 PCIe Root Port
[    0.927556] pci 0000:00:07.1: PCI bridge to [bus 0e]
[    0.927575] pci 0000:00:07.1: enabling Extended Tags
[    0.927624] pci 0000:00:07.1: PME# supported from D0 D3hot D3cold
[    0.927775] pci 0000:00:08.0: [1022:1482] type 00 class 0x060000 conventional PCI endpoint
[    0.927859] pci 0000:00:08.1: [1022:1484] type 01 class 0x060400 PCIe Root Port
[    0.927879] pci 0000:00:08.1: PCI bridge to [bus 0f]
[    0.927887] pci 0000:00:08.1:   bridge window [mem 0xfca00000-0xfccfffff]
[    0.927903] pci 0000:00:08.1: enabling Extended Tags
[    0.927955] pci 0000:00:08.1: PME# supported from D0 D3hot D3cold
[    0.928135] pci 0000:00:14.0: [1022:790b] type 00 class 0x0c0500 conventional PCI endpoint
[    0.928280] pci 0000:00:14.3: [1022:790e] type 00 class 0x060100 conventional PCI endpoint
[    0.928439] pci 0000:00:18.0: [1022:1440] type 00 class 0x060000 conventional PCI endpoint
[    0.928490] pci 0000:00:18.1: [1022:1441] type 00 class 0x060000 conventional PCI endpoint
[    0.928540] pci 0000:00:18.2: [1022:1442] type 00 class 0x060000 conventional PCI endpoint
[    0.928589] pci 0000:00:18.3: [1022:1443] type 00 class 0x060000 conventional PCI endpoint
[    0.928638] pci 0000:00:18.4: [1022:1444] type 00 class 0x060000 conventional PCI endpoint
[    0.928687] pci 0000:00:18.5: [1022:1445] type 00 class 0x060000 conventional PCI endpoint
[    0.928736] pci 0000:00:18.6: [1022:1446] type 00 class 0x060000 conventional PCI endpoint
[    0.928785] pci 0000:00:18.7: [1022:1447] type 00 class 0x060000 conventional PCI endpoint
[    0.928902] pci 0000:01:00.0: [15b7:5011] type 00 class 0x010802 PCIe Endpoint
[    0.928940] pci 0000:01:00.0: BAR 0 [mem 0xfcf00000-0xfcf03fff 64bit]
[    0.929149] pci 0000:00:01.1: PCI bridge to [bus 01]
[    0.929224] pci 0000:02:00.0: [1022:57ad] type 01 class 0x060400 PCIe Switch Upstream Port
[    0.929266] pci 0000:02:00.0: PCI bridge to [bus 03-0a]
[    0.929277] pci 0000:02:00.0:   bridge window [io  0xd000-0xefff]
[    0.929283] pci 0000:02:00.0:   bridge window [mem 0xfc200000-0xfc9fffff]
[    0.929311] pci 0000:02:00.0: enabling Extended Tags
[    0.929406] pci 0000:02:00.0: PME# supported from D0 D3hot D3cold
[    0.929533] pci 0000:02:00.0: 63.012 Gb/s available PCIe bandwidth, limited by 16.0 GT/s PCIe x4 link at 0000:00:01.2 (capable of 126.024 Gb/s with 16.0 GT/s PCIe x8 link)
[    0.929691] pci 0000:00:01.2: PCI bridge to [bus 02-0a]
[    0.929998] pci 0000:03:01.0: [1022:57a3] type 01 class 0x060400 PCIe Switch Downstream Port
[    0.930036] pci 0000:03:01.0: PCI bridge to [bus 04]
[    0.930050] pci 0000:03:01.0:   bridge window [mem 0xfc900000-0xfc9fffff]
[    0.930094] pci 0000:03:01.0: enabling Extended Tags
[    0.930359] pci 0000:03:01.0: PME# supported from D0 D3hot D3cold
[    0.930858] pci 0000:03:03.0: [1022:57a3] type 01 class 0x060400 PCIe Switch Downstream Port
[    0.930896] pci 0000:03:03.0: PCI bridge to [bus 05]
[    0.930909] pci 0000:03:03.0:   bridge window [mem 0xfc800000-0xfc8fffff]
[    0.930953] pci 0000:03:03.0: enabling Extended Tags
[    0.931215] pci 0000:03:03.0: PME# supported from D0 D3hot D3cold
[    0.931681] pci 0000:03:04.0: [1022:57a3] type 01 class 0x060400 PCIe Switch Downstream Port
[    0.931720] pci 0000:03:04.0: PCI bridge to [bus 06]
[    0.931730] pci 0000:03:04.0:   bridge window [io  0xe000-0xefff]
[    0.931737] pci 0000:03:04.0:   bridge window [mem 0xfc700000-0xfc7fffff]
[    0.931781] pci 0000:03:04.0: enabling Extended Tags
[    0.932065] pci 0000:03:04.0: PME# supported from D0 D3hot D3cold
[    0.932561] pci 0000:03:05.0: [1022:57a3] type 01 class 0x060400 PCIe Switch Downstream Port
[    0.932600] pci 0000:03:05.0: PCI bridge to [bus 07]
[    0.932610] pci 0000:03:05.0:   bridge window [io  0xd000-0xdfff]
[    0.932617] pci 0000:03:05.0:   bridge window [mem 0xfc600000-0xfc6fffff]
[    0.932661] pci 0000:03:05.0: enabling Extended Tags
[    0.932944] pci 0000:03:05.0: PME# supported from D0 D3hot D3cold
[    0.933437] pci 0000:03:08.0: [1022:57a4] type 01 class 0x060400 PCIe Switch Downstream Port
[    0.933477] pci 0000:03:08.0: PCI bridge to [bus 08]
[    0.933490] pci 0000:03:08.0:   bridge window [mem 0xfc200000-0xfc3fffff]
[    0.933532] pci 0000:03:08.0: enabling Extended Tags
[    0.933708] pci 0000:03:08.0: PME# supported from D0 D3hot D3cold
[    0.934036] pci 0000:03:09.0: [1022:57a4] type 01 class 0x060400 PCIe Switch Downstream Port
[    0.934075] pci 0000:03:09.0: PCI bridge to [bus 09]
[    0.934088] pci 0000:03:09.0:   bridge window [mem 0xfc500000-0xfc5fffff]
[    0.934131] pci 0000:03:09.0: enabling Extended Tags
[    0.934304] pci 0000:03:09.0: PME# supported from D0 D3hot D3cold
[    0.934555] pci 0000:03:0a.0: [1022:57a4] type 01 class 0x060400 PCIe Switch Downstream Port
[    0.934595] pci 0000:03:0a.0: PCI bridge to [bus 0a]
[    0.934608] pci 0000:03:0a.0:   bridge window [mem 0xfc400000-0xfc4fffff]
[    0.934650] pci 0000:03:0a.0: enabling Extended Tags
[    0.934826] pci 0000:03:0a.0: PME# supported from D0 D3hot D3cold
[    0.935084] pci 0000:02:00.0: PCI bridge to [bus 03-0a]
[    0.935223] pci 0000:04:00.0: [15b7:5011] type 00 class 0x010802 PCIe Endpoint
[    0.935301] pci 0000:04:00.0: BAR 0 [mem 0xfc900000-0xfc903fff 64bit]
[    0.935760] pci 0000:03:01.0: PCI bridge to [bus 04]
[    0.935934] pci 0000:05:00.0: [8086:2723] type 00 class 0x028000 PCIe Endpoint
[    0.936017] pci 0000:05:00.0: BAR 0 [mem 0xfc800000-0xfc803fff 64bit]
[    0.936161] pci 0000:05:00.0: PME# supported from D0 D3hot D3cold
[    0.936453] pci 0000:03:03.0: PCI bridge to [bus 05]
[    0.936596] pci 0000:06:00.0: [10ec:8125] type 00 class 0x020000 PCIe Endpoint
[    0.936673] pci 0000:06:00.0: BAR 0 [io  0xe000-0xe0ff]
[    0.936683] pci 0000:06:00.0: BAR 2 [mem 0xfc780000-0xfc78ffff 64bit]
[    0.936691] pci 0000:06:00.0: BAR 4 [mem 0xfc7ac000-0xfc7affff 64bit]
[    0.936697] pci 0000:06:00.0: ROM [mem 0xfc770000-0xfc77ffff pref]
[    0.936712] pci 0000:06:00.0: enabling Extended Tags
[    0.936881] pci 0000:06:00.0: supports D1 D2
[    0.936884] pci 0000:06:00.0: PME# supported from D0 D1 D2 D3hot D3cold
[    0.936991] pci 0000:06:00.0: VF BAR 2 [mem 0xfc700000-0xfc70ffff 64bit]
[    0.936995] pci 0000:06:00.0: VF BAR 2 [mem 0xfc700000-0xfc76ffff 64bit]: contains BAR 2 for 7 VFs
[    0.937004] pci 0000:06:00.0: VF BAR 4 [mem 0xfc790000-0xfc793fff 64bit]
[    0.937008] pci 0000:06:00.0: VF BAR 4 [mem 0xfc790000-0xfc7abfff 64bit]: contains BAR 4 for 7 VFs
[    0.937412] pci 0000:03:04.0: PCI bridge to [bus 06]
[    0.937572] pci 0000:07:00.0: [8086:1539] type 00 class 0x020000 PCIe Endpoint
[    0.937667] pci 0000:07:00.0: BAR 0 [mem 0xfc600000-0xfc61ffff]
[    0.937675] pci 0000:07:00.0: BAR 2 [io  0xd000-0xd01f]
[    0.937681] pci 0000:07:00.0: BAR 3 [mem 0xfc620000-0xfc623fff]
[    0.937833] pci 0000:07:00.0: PME# supported from D0 D3hot D3cold
[    0.938139] pci 0000:03:05.0: PCI bridge to [bus 07]
[    0.938296] pci 0000:08:00.0: [1022:1485] type 00 class 0x130000 PCIe Endpoint
[    0.938371] pci 0000:08:00.0: enabling Extended Tags
[    0.938576] pci 0000:08:00.0: 63.012 Gb/s available PCIe bandwidth, limited by 16.0 GT/s PCIe x4 link at 0000:00:01.2 (capable of 252.048 Gb/s with 16.0 GT/s PCIe x16 link)
[    0.938814] pci 0000:08:00.1: [1022:149c] type 00 class 0x0c0330 PCIe Endpoint
[    0.939526] pci 0000:08:00.1: BAR 0 [mem 0xfc300000-0xfc3fffff 64bit]
[    0.939640] pci 0000:08:00.1: enabling Extended Tags
[    0.940185] pci 0000:08:00.1: PME# supported from D0 D3hot D3cold
[    0.940185] pci 0000:08:00.3: [1022:149c] type 00 class 0x0c0330 PCIe Endpoint
[    0.940185] pci 0000:08:00.3: BAR 0 [mem 0xfc200000-0xfc2fffff 64bit]
[    0.940185] pci 0000:08:00.3: enabling Extended Tags
[    0.940185] pci 0000:08:00.3: PME# supported from D0 D3hot D3cold
[    0.940185] pci 0000:03:08.0: PCI bridge to [bus 08]
[    0.941243] pci 0000:09:00.0: [1022:7901] type 00 class 0x010601 PCIe Endpoint
[    0.941312] pci 0000:09:00.0: BAR 5 [mem 0xfc500000-0xfc5007ff]
[    0.941326] pci 0000:09:00.0: enabling Extended Tags
[    0.941438] pci 0000:09:00.0: PME# supported from D3hot D3cold
[    0.941552] pci 0000:09:00.0: 63.012 Gb/s available PCIe bandwidth, limited by 16.0 GT/s PCIe x4 link at 0000:00:01.2 (capable of 252.048 Gb/s with 16.0 GT/s PCIe x16 link)
[    0.941647] pci 0000:03:09.0: PCI bridge to [bus 09]
[    0.941777] pci 0000:0a:00.0: [1022:7901] type 00 class 0x010601 PCIe Endpoint
[    0.941846] pci 0000:0a:00.0: BAR 5 [mem 0xfc400000-0xfc4007ff]
[    0.941860] pci 0000:0a:00.0: enabling Extended Tags
[    0.941972] pci 0000:0a:00.0: PME# supported from D3hot D3cold
[    0.942086] pci 0000:0a:00.0: 63.012 Gb/s available PCIe bandwidth, limited by 16.0 GT/s PCIe x4 link at 0000:00:01.2 (capable of 252.048 Gb/s with 16.0 GT/s PCIe x16 link)
[    0.942179] pci 0000:03:0a.0: PCI bridge to [bus 0a]
[    0.942330] pci 0000:0b:00.0: [1002:1478] type 01 class 0x060400 PCIe Switch Upstream Port
[    0.942357] pci 0000:0b:00.0: BAR 0 [mem 0xfce00000-0xfce03fff]
[    0.942364] pci 0000:0b:00.0: PCI bridge to [bus 0c-0d]
[    0.942373] pci 0000:0b:00.0:   bridge window [io  0xf000-0xffff]
[    0.942378] pci 0000:0b:00.0:   bridge window [mem 0xfcd00000-0xfcdfffff]
[    0.942391] pci 0000:0b:00.0:   bridge window [mem 0x7800000000-0x7c0fffffff 64bit pref]
[    0.942491] pci 0000:0b:00.0: PME# supported from D0 D3hot D3cold
[    0.942596] pci 0000:0b:00.0: 252.048 Gb/s available PCIe bandwidth, limited by 16.0 GT/s PCIe x16 link at 0000:00:03.1 (capable of 504.112 Gb/s with 32.0 GT/s PCIe x16 link)
[    0.942727] pci 0000:00:03.1: PCI bridge to [bus 0b-0d]
[    0.942811] pci 0000:0c:00.0: [1002:1479] type 01 class 0x060400 PCIe Switch Downstream Port
[    0.942840] pci 0000:0c:00.0: PCI bridge to [bus 0d]
[    0.942849] pci 0000:0c:00.0:   bridge window [io  0xf000-0xffff]
[    0.942854] pci 0000:0c:00.0:   bridge window [mem 0xfcd00000-0xfcdfffff]
[    0.942867] pci 0000:0c:00.0:   bridge window [mem 0x7800000000-0x7c0fffffff 64bit pref]
[    0.942965] pci 0000:0c:00.0: PME# supported from D0 D3hot D3cold
[    0.943874] pci 0000:0b:00.0: PCI bridge to [bus 0c-0d]
[    0.943968] pci 0000:0d:00.0: [1002:7550] type 00 class 0x030000 PCIe Legacy Endpoint
[    0.944010] pci 0000:0d:00.0: BAR 0 [mem 0x7800000000-0x7bffffffff 64bit pref]
[    0.944017] pci 0000:0d:00.0: BAR 2 [mem 0x7c00000000-0x7c0fffffff 64bit pref]
[    0.944023] pci 0000:0d:00.0: BAR 4 [io  0xf000-0xf0ff]
[    0.944028] pci 0000:0d:00.0: BAR 5 [mem 0xfcd00000-0xfcd7ffff]
[    0.944033] pci 0000:0d:00.0: ROM [mem 0xfcd80000-0xfcd9ffff pref]
[    0.944139] pci 0000:0d:00.0: PME# supported from D1 D2 D3hot D3cold
[    0.944250] pci 0000:0d:00.0: 252.048 Gb/s available PCIe bandwidth, limited by 16.0 GT/s PCIe x16 link at 0000:00:03.1 (capable of 504.112 Gb/s with 32.0 GT/s PCIe x16 link)
[    0.944388] pci 0000:0d:00.1: [1002:ab40] type 00 class 0x040300 PCIe Legacy Endpoint
[    0.944428] pci 0000:0d:00.1: BAR 0 [mem 0xfcda0000-0xfcda3fff]
[    0.944502] pci 0000:0d:00.1: PME# supported from D1 D2 D3hot D3cold
[    0.944672] pci 0000:0c:00.0: PCI bridge to [bus 0d]
[    0.944752] pci 0000:0e:00.0: [1022:148a] type 00 class 0x130000 PCIe Endpoint
[    0.944787] pci 0000:0e:00.0: enabling Extended Tags
[    0.944970] pci 0000:00:07.1: PCI bridge to [bus 0e]
[    0.945047] pci 0000:0f:00.0: [1022:1485] type 00 class 0x130000 PCIe Endpoint
[    0.945087] pci 0000:0f:00.0: enabling Extended Tags
[    0.945271] pci 0000:0f:00.1: [1022:1486] type 00 class 0x108000 PCIe Endpoint
[    0.945304] pci 0000:0f:00.1: BAR 2 [mem 0xfcb00000-0xfcbfffff]
[    0.945311] pci 0000:0f:00.1: BAR 5 [mem 0xfcc08000-0xfcc09fff]
[    0.945320] pci 0000:0f:00.1: enabling Extended Tags
[    0.945479] pci 0000:0f:00.3: [1022:149c] type 00 class 0x0c0330 PCIe Endpoint
[    0.945513] pci 0000:0f:00.3: BAR 0 [mem 0xfca00000-0xfcafffff 64bit]
[    0.945526] pci 0000:0f:00.3: enabling Extended Tags
[    0.945580] pci 0000:0f:00.3: PME# supported from D0 D3hot D3cold
[    0.945736] pci 0000:0f:00.4: [1022:1487] type 00 class 0x040300 PCIe Endpoint
[    0.945768] pci 0000:0f:00.4: BAR 0 [mem 0xfcc00000-0xfcc07fff]
[    0.945781] pci 0000:0f:00.4: enabling Extended Tags
[    0.945832] pci 0000:0f:00.4: PME# supported from D0 D3hot D3cold
[    0.945986] pci 0000:00:08.1: PCI bridge to [bus 0f]
[    0.946745] ACPI: PCI: Interrupt link LNKA configured for IRQ 0
[    0.946822] ACPI: PCI: Interrupt link LNKB configured for IRQ 0
[    0.946890] ACPI: PCI: Interrupt link LNKC configured for IRQ 0
[    0.946970] ACPI: PCI: Interrupt link LNKD configured for IRQ 0
[    0.947044] ACPI: PCI: Interrupt link LNKE configured for IRQ 0
[    0.947106] ACPI: PCI: Interrupt link LNKF configured for IRQ 0
[    0.947168] ACPI: PCI: Interrupt link LNKG configured for IRQ 0
[    0.947232] ACPI: PCI: Interrupt link LNKH configured for IRQ 0
[    0.948543] ACPI: EC: interrupt unblocked
[    0.948547] ACPI: EC: event unblocked
[    0.948552] ACPI: EC: EC_CMD/EC_SC=0x66, EC_DATA=0x62
[    0.948555] ACPI: EC: GPE=0x2
[    0.948558] ACPI: \_SB_.PCI0.SBRG.EC0_: Boot DSDT EC initialization complete
[    0.948563] ACPI: \_SB_.PCI0.SBRG.EC0_: EC: Used to handle transactions and events
[    0.948662] iommu: Default domain type: Translated
[    0.948662] iommu: DMA domain TLB invalidation policy: lazy mode
[    0.949324] SCSI subsystem initialized
[    0.949350] libata version 3.00 loaded.
[    0.949350] ACPI: bus type USB registered
[    0.949350] usbcore: registered new interface driver usbfs
[    0.949350] usbcore: registered new interface driver hub
[    0.949350] usbcore: registered new device driver usb
[    0.949350] pps_core: LinuxPPS API ver. 1 registered
[    0.949350] pps_core: Software ver. 5.3.6 - Copyright 2005-2007 Rodolfo Giometti <giometti@linux.it>
[    0.949353] PTP clock support registered
[    0.949374] EDAC MC: Ver: 3.0.0
[    0.949421] efivars: Registered efivars operations
[    0.949516] NetLabel: Initializing
[    0.949520] NetLabel:  domain hash size = 128
[    0.949523] NetLabel:  protocols = UNLABELED CIPSOv4 CALIPSO
[    0.950237] NetLabel:  unlabeled traffic allowed by default
[    0.950262] mctp: management component transport protocol core
[    0.950262] NET: Registered PF_MCTP protocol family
[    0.950267] PCI: Using ACPI for IRQ routing
[    0.954216] PCI: pci_cache_line_size set to 64 bytes
[    0.954349] e820: reserve RAM buffer [mem 0x09d1f000-0x0bffffff]
[    0.954351] e820: reserve RAM buffer [mem 0x0a200000-0x0bffffff]
[    0.954353] e820: reserve RAM buffer [mem 0xc3274000-0xc3ffffff]
[    0.954354] e820: reserve RAM buffer [mem 0xc55e1000-0xc7ffffff]
[    0.954356] e820: reserve RAM buffer [mem 0xc6db4000-0xc7ffffff]
[    0.954357] e820: reserve RAM buffer [mem 0xca075000-0xcbffffff]
[    0.954359] e820: reserve RAM buffer [mem 0xcd000000-0xcfffffff]
[    0.954360] e820: reserve RAM buffer [mem 0x202f300000-0x202fffffff]
[    0.954440] pci 0000:0d:00.0: vgaarb: setting as boot VGA device
[    0.954440] pci 0000:0d:00.0: vgaarb: bridge control possible
[    0.954440] pci 0000:0d:00.0: vgaarb: VGA device added: decodes=io+mem,owns=none,locks=none
[    0.954440] vgaarb: loaded
[    0.954440] hpet0: at MMIO 0xfed00000, IRQs 2, 8, 0
[    0.954440] hpet0: 3 comparators, 32-bit 14.318180 MHz counter
[    0.956299] clocksource: Switched to clocksource tsc-early
[    0.957157] VFS: Disk quotas dquot_6.6.0
[    0.957169] VFS: Dquot-cache hash table entries: 512 (order 0, 4096 bytes)
[    0.957308] AppArmor: AppArmor Filesystem Enabled
[    0.957344] pnp: PnP ACPI init
[    0.957456] system 00:00: [mem 0xf0000000-0xf7ffffff] has been reserved
[    0.957617] system 00:01: [mem 0xfd200000-0xfd2fffff] has been reserved
[    0.957857] system 00:03: [io  0x0290-0x029f] has been reserved
[    0.957862] system 00:03: [io  0x0200-0x021f] has been reserved
[    0.958224] system 00:04: [io  0x04d0-0x04d1] has been reserved
[    0.958229] system 00:04: [io  0x040b] has been reserved
[    0.958233] system 00:04: [io  0x04d6] has been reserved
[    0.958237] system 00:04: [io  0x0c00-0x0c01] has been reserved
[    0.958242] system 00:04: [io  0x0c14] has been reserved
[    0.958246] system 00:04: [io  0x0c50-0x0c51] has been reserved
[    0.958250] system 00:04: [io  0x0c52] has been reserved
[    0.958253] system 00:04: [io  0x0c6c] has been reserved
[    0.958257] system 00:04: [io  0x0c6f] has been reserved
[    0.958261] system 00:04: [io  0x0cd8-0x0cdf] has been reserved
[    0.958265] system 00:04: [io  0x0800-0x089f] has been reserved
[    0.958269] system 00:04: [io  0x0b00-0x0b0f] has been reserved
[    0.958273] system 00:04: [io  0x0b20-0x0b3f] has been reserved
[    0.958277] system 00:04: [io  0x0900-0x090f] has been reserved
[    0.958281] system 00:04: [io  0x0910-0x091f] has been reserved
[    0.958286] system 00:04: [mem 0xfec00000-0xfec00fff] could not be reserved
[    0.958290] system 00:04: [mem 0xfec01000-0xfec01fff] could not be reserved
[    0.958295] system 00:04: [mem 0xfedc0000-0xfedc0fff] has been reserved
[    0.958299] system 00:04: [mem 0xfee00000-0xfee00fff] has been reserved
[    0.958304] system 00:04: [mem 0xfed80000-0xfed8ffff] could not be reserved
[    0.958308] system 00:04: [mem 0xfec10000-0xfec10fff] has been reserved
[    0.958312] system 00:04: [mem 0xff000000-0xffffffff] has been reserved
[    0.959056] pnp: PnP ACPI: found 5 devices
[    0.965332] clocksource: acpi_pm: mask: 0xffffff max_cycles: 0xffffff, max_idle_ns: 2085701024 ns
[    0.965410] NET: Registered PF_INET protocol family
[    0.965553] IP idents hash table entries: 262144 (order: 9, 2097152 bytes, linear)
[    0.977382] tcp_listen_portaddr_hash hash table entries: 65536 (order: 8, 1048576 bytes, linear)
[    0.977437] Table-perturb hash table entries: 65536 (order: 6, 262144 bytes, linear)
[    0.977661] TCP established hash table entries: 524288 (order: 10, 4194304 bytes, linear)
[    0.978022] TCP bind hash table entries: 65536 (order: 9, 2097152 bytes, linear)
[    0.978104] TCP: Hash tables configured (established 524288 bind 65536)
[    0.978309] MPTCP token hash table entries: 65536 (order: 8, 1572864 bytes, linear)
[    0.978587] UDP hash table entries: 65536 (order: 10, 4194304 bytes, linear)
[    0.979013] UDP-Lite hash table entries: 65536 (order: 10, 4194304 bytes, linear)
[    0.979276] NET: Registered PF_UNIX/PF_LOCAL protocol family
[    0.979289] NET: Registered PF_XDP protocol family
[    0.979311] pci 0000:00:01.1: PCI bridge to [bus 01]
[    0.979318] pci 0000:00:01.1:   bridge window [mem 0xfcf00000-0xfcffffff]
[    0.979328] pci 0000:03:01.0: PCI bridge to [bus 04]
[    0.979336] pci 0000:03:01.0:   bridge window [mem 0xfc900000-0xfc9fffff]
[    0.979349] pci 0000:03:03.0: PCI bridge to [bus 05]
[    0.979356] pci 0000:03:03.0:   bridge window [mem 0xfc800000-0xfc8fffff]
[    0.979369] pci 0000:03:04.0: PCI bridge to [bus 06]
[    0.979375] pci 0000:03:04.0:   bridge window [io  0xe000-0xefff]
[    0.979383] pci 0000:03:04.0:   bridge window [mem 0xfc700000-0xfc7fffff]
[    0.979396] pci 0000:03:05.0: PCI bridge to [bus 07]
[    0.979401] pci 0000:03:05.0:   bridge window [io  0xd000-0xdfff]
[    0.979409] pci 0000:03:05.0:   bridge window [mem 0xfc600000-0xfc6fffff]
[    0.979422] pci 0000:03:08.0: PCI bridge to [bus 08]
[    0.979430] pci 0000:03:08.0:   bridge window [mem 0xfc200000-0xfc3fffff]
[    0.979443] pci 0000:03:09.0: PCI bridge to [bus 09]
[    0.979450] pci 0000:03:09.0:   bridge window [mem 0xfc500000-0xfc5fffff]
[    0.979463] pci 0000:03:0a.0: PCI bridge to [bus 0a]
[    0.979471] pci 0000:03:0a.0:   bridge window [mem 0xfc400000-0xfc4fffff]
[    0.979484] pci 0000:02:00.0: PCI bridge to [bus 03-0a]
[    0.979489] pci 0000:02:00.0:   bridge window [io  0xd000-0xefff]
[    0.979497] pci 0000:02:00.0:   bridge window [mem 0xfc200000-0xfc9fffff]
[    0.979510] pci 0000:00:01.2: PCI bridge to [bus 02-0a]
[    0.979514] pci 0000:00:01.2:   bridge window [io  0xd000-0xefff]
[    0.979520] pci 0000:00:01.2:   bridge window [mem 0xfc200000-0xfc9fffff]
[    0.979529] pci 0000:0c:00.0: PCI bridge to [bus 0d]
[    0.979538] pci 0000:0c:00.0:   bridge window [io  0xf000-0xffff]
[    0.979545] pci 0000:0c:00.0:   bridge window [mem 0xfcd00000-0xfcdfffff]
[    0.979551] pci 0000:0c:00.0:   bridge window [mem 0x7800000000-0x7c0fffffff 64bit pref]
[    0.979559] pci 0000:0b:00.0: PCI bridge to [bus 0c-0d]
[    0.979564] pci 0000:0b:00.0:   bridge window [io  0xf000-0xffff]
[    0.979571] pci 0000:0b:00.0:   bridge window [mem 0xfcd00000-0xfcdfffff]
[    0.979577] pci 0000:0b:00.0:   bridge window [mem 0x7800000000-0x7c0fffffff 64bit pref]
[    0.979586] pci 0000:00:03.1: PCI bridge to [bus 0b-0d]
[    0.979590] pci 0000:00:03.1:   bridge window [io  0xf000-0xffff]
[    0.979596] pci 0000:00:03.1:   bridge window [mem 0xfcd00000-0xfcefffff]
[    0.979601] pci 0000:00:03.1:   bridge window [mem 0x7800000000-0x7c0fffffff 64bit pref]
[    0.979609] pci 0000:00:07.1: PCI bridge to [bus 0e]
[    0.979619] pci 0000:00:08.1: PCI bridge to [bus 0f]
[    0.979624] pci 0000:00:08.1:   bridge window [mem 0xfca00000-0xfccfffff]
[    0.979633] pci_bus 0000:00: resource 4 [io  0x0000-0x03af window]
[    0.979637] pci_bus 0000:00: resource 5 [io  0x03e0-0x0cf7 window]
[    0.979641] pci_bus 0000:00: resource 6 [io  0x03b0-0x03df window]
[    0.979645] pci_bus 0000:00: resource 7 [io  0x0d00-0xffff window]
[    0.979649] pci_bus 0000:00: resource 8 [mem 0x000a0000-0x000dffff window]
[    0.979654] pci_bus 0000:00: resource 9 [mem 0xd0000000-0xfcffffff window]
[    0.979658] pci_bus 0000:00: resource 10 [mem 0x2030000000-0x7fffffffff window]
[    0.979663] pci_bus 0000:01: resource 1 [mem 0xfcf00000-0xfcffffff]
[    0.979667] pci_bus 0000:02: resource 0 [io  0xd000-0xefff]
[    0.979671] pci_bus 0000:02: resource 1 [mem 0xfc200000-0xfc9fffff]
[    0.979675] pci_bus 0000:03: resource 0 [io  0xd000-0xefff]
[    0.979678] pci_bus 0000:03: resource 1 [mem 0xfc200000-0xfc9fffff]
[    0.979682] pci_bus 0000:04: resource 1 [mem 0xfc900000-0xfc9fffff]
[    0.979687] pci_bus 0000:05: resource 1 [mem 0xfc800000-0xfc8fffff]
[    0.979691] pci_bus 0000:06: resource 0 [io  0xe000-0xefff]
[    0.979695] pci_bus 0000:06: resource 1 [mem 0xfc700000-0xfc7fffff]
[    0.979699] pci_bus 0000:07: resource 0 [io  0xd000-0xdfff]
[    0.979702] pci_bus 0000:07: resource 1 [mem 0xfc600000-0xfc6fffff]
[    0.979707] pci_bus 0000:08: resource 1 [mem 0xfc200000-0xfc3fffff]
[    0.979711] pci_bus 0000:09: resource 1 [mem 0xfc500000-0xfc5fffff]
[    0.979715] pci_bus 0000:0a: resource 1 [mem 0xfc400000-0xfc4fffff]
[    0.979719] pci_bus 0000:0b: resource 0 [io  0xf000-0xffff]
[    0.979723] pci_bus 0000:0b: resource 1 [mem 0xfcd00000-0xfcefffff]
[    0.979726] pci_bus 0000:0b: resource 2 [mem 0x7800000000-0x7c0fffffff 64bit pref]
[    0.979731] pci_bus 0000:0c: resource 0 [io  0xf000-0xffff]
[    0.979735] pci_bus 0000:0c: resource 1 [mem 0xfcd00000-0xfcdfffff]
[    0.979739] pci_bus 0000:0c: resource 2 [mem 0x7800000000-0x7c0fffffff 64bit pref]
[    0.979743] pci_bus 0000:0d: resource 0 [io  0xf000-0xffff]
[    0.979747] pci_bus 0000:0d: resource 1 [mem 0xfcd00000-0xfcdfffff]
[    0.979751] pci_bus 0000:0d: resource 2 [mem 0x7800000000-0x7c0fffffff 64bit pref]
[    0.979756] pci_bus 0000:0f: resource 1 [mem 0xfca00000-0xfccfffff]
[    0.980312] pci 0000:0d:00.1: D0 power state depends on 0000:0d:00.0
[    0.980469] PCI: CLS 64 bytes, default 64
[    0.980493] pci 0000:00:00.2: AMD-Vi: IOMMU performance counters supported
[    0.980538] Trying to unpack rootfs image as initramfs...
[    0.980574] pci 0000:00:00.0: Adding to iommu group 0
[    0.980606] pci 0000:00:01.0: Adding to iommu group 1
[    0.980627] pci 0000:00:01.1: Adding to iommu group 2
[    0.980649] pci 0000:00:01.2: Adding to iommu group 3
[    0.980677] pci 0000:00:02.0: Adding to iommu group 4
[    0.980706] pci 0000:00:03.0: Adding to iommu group 5
[    0.980726] pci 0000:00:03.1: Adding to iommu group 6
[    0.980755] pci 0000:00:04.0: Adding to iommu group 7
[    0.980789] pci 0000:00:05.0: Adding to iommu group 8
[    0.980818] pci 0000:00:07.0: Adding to iommu group 9
[    0.980838] pci 0000:00:07.1: Adding to iommu group 10
[    0.980918] pci 0000:00:08.0: Adding to iommu group 11
[    0.980939] pci 0000:00:08.1: Adding to iommu group 12
[    0.980978] pci 0000:00:14.0: Adding to iommu group 13
[    0.980997] pci 0000:00:14.3: Adding to iommu group 13
[    0.981089] pci 0000:00:18.0: Adding to iommu group 14
[    0.981109] pci 0000:00:18.1: Adding to iommu group 14
[    0.981129] pci 0000:00:18.2: Adding to iommu group 14
[    0.981149] pci 0000:00:18.3: Adding to iommu group 14
[    0.981168] pci 0000:00:18.4: Adding to iommu group 14
[    0.981189] pci 0000:00:18.5: Adding to iommu group 14
[    0.981208] pci 0000:00:18.6: Adding to iommu group 14
[    0.981229] pci 0000:00:18.7: Adding to iommu group 14
[    0.981250] pci 0000:01:00.0: Adding to iommu group 15
[    0.981271] pci 0000:02:00.0: Adding to iommu group 16
[    0.981315] pci 0000:03:01.0: Adding to iommu group 17
[    0.981360] pci 0000:03:03.0: Adding to iommu group 18
[    0.981402] pci 0000:03:04.0: Adding to iommu group 19
[    0.981445] pci 0000:03:05.0: Adding to iommu group 20
[    0.981474] pci 0000:03:08.0: Adding to iommu group 21
[    0.981504] pci 0000:03:09.0: Adding to iommu group 22
[    0.981533] pci 0000:03:0a.0: Adding to iommu group 23
[    0.981591] pci 0000:04:00.0: Adding to iommu group 24
[    0.981634] pci 0000:05:00.0: Adding to iommu group 25
[    0.981678] pci 0000:06:00.0: Adding to iommu group 26
[    0.981721] pci 0000:07:00.0: Adding to iommu group 27
[    0.981729] pci 0000:08:00.0: Adding to iommu group 21
[    0.981737] pci 0000:08:00.1: Adding to iommu group 21
[    0.981745] pci 0000:08:00.3: Adding to iommu group 21
[    0.981754] pci 0000:09:00.0: Adding to iommu group 22
[    0.981762] pci 0000:0a:00.0: Adding to iommu group 23
[    0.981782] pci 0000:0b:00.0: Adding to iommu group 28
[    0.981802] pci 0000:0c:00.0: Adding to iommu group 29
[    0.981833] pci 0000:0d:00.0: Adding to iommu group 30
[    0.981860] pci 0000:0d:00.1: Adding to iommu group 31
[    0.981882] pci 0000:0e:00.0: Adding to iommu group 32
[    0.981903] pci 0000:0f:00.0: Adding to iommu group 33
[    0.981925] pci 0000:0f:00.1: Adding to iommu group 34
[    0.981947] pci 0000:0f:00.3: Adding to iommu group 35
[    0.981969] pci 0000:0f:00.4: Adding to iommu group 36
[    0.986928] AMD-Vi: Extended features (0x58f77ef22294a5a, 0x0): PPR NX GT IA PC GA_vAPIC
[    0.986943] AMD-Vi: Interrupt remapping enabled
[    0.987146] PCI-DMA: Using software bounce buffering for IO (SWIOTLB)
[    0.987151] software IO TLB: mapped [mem 0x00000000bd4e1000-0x00000000c14e1000] (64MB)
[    0.987196] LVT offset 0 assigned for vector 0x400
[    0.990369] perf: AMD IBS detected (0x000003ff)
[    0.990381] perf/amd_iommu: Detected AMD IOMMU #0 (2 banks, 4 counters/bank).
[    1.008303] Initialise system trusted keyrings
[    1.008317] Key type blacklist registered
[    1.008370] workingset: timestamp_bits=36 max_order=25 bucket_order=0
[    1.008683] squashfs: version 4.0 (2009/01/31) Phillip Lougher
[    1.008787] fuse: init (API version 7.44)
[    1.008929] integrity: Platform Keyring initialized
[    1.008936] integrity: Machine keyring initialized
[    1.017129] Key type asymmetric registered
[    1.017132] Asymmetric key parser 'x509' registered
[    1.017156] Block layer SCSI generic (bsg) driver version 0.4 loaded (major 243)
[    1.017213] io scheduler mq-deadline registered
[    1.018796] ledtrig-cpu: registered to indicate activity on CPUs
[    1.018921] pcieport 0000:00:01.1: PME: Signaling with IRQ 28
[    1.019095] pcieport 0000:00:01.2: PME: Signaling with IRQ 29
[    1.019268] pcieport 0000:00:03.1: PME: Signaling with IRQ 30
[    1.019512] pcieport 0000:00:07.1: PME: Signaling with IRQ 32
[    1.019589] pcieport 0000:00:07.1: AER: enabled with IRQ 32
[    1.019747] pcieport 0000:00:08.1: PME: Signaling with IRQ 33
[    1.019831] pcieport 0000:00:08.1: AER: enabled with IRQ 33
[    1.022546] input: Power Button as /devices/LNXSYSTM:00/LNXSYBUS:00/PNP0C0C:00/input/input0
[    1.022574] ACPI: button: Power Button [PWRB]
[    1.022617] input: Power Button as /devices/LNXSYSTM:00/LNXPWRBN:00/input/input1
[    1.022673] ACPI: button: Power Button [PWRF]
[    1.023431] Monitor-Mwait will be used to enter C-1 state
[    1.031887] Estimated ratio of average max frequency by base frequency (times 1024): 1277
[    1.032203] Serial: 8250/16550 driver, 32 ports, IRQ sharing enabled
[    1.053014] serial8250: ttyS0 at I/O 0x3f8 (irq = 4, base_baud = 115200) is a 16550A
[    1.055696] Linux agpgart interface v0.103
[    1.075399] Freeing initrd memory: 96376K
[    1.085914] tpm_crb MSFT0101:00: Disabling hwrng
[    1.086181] ACPI: bus type drm_connector registered
[    1.091220] loop: module loaded
[    1.091550] tun: Universal TUN/TAP device driver, 1.6
[    1.091597] PPP generic driver version 2.4.2
[    1.091892] xhci_hcd 0000:08:00.1: xHCI Host Controller
[    1.091900] xhci_hcd 0000:08:00.1: new USB bus registered, assigned bus number 1
[    1.092070] xhci_hcd 0000:08:00.1: hcc params 0x0278ffe5 hci version 0x110 quirks 0x0000000000000010
[    1.092701] xhci_hcd 0000:08:00.1: xHCI Host Controller
[    1.092707] xhci_hcd 0000:08:00.1: new USB bus registered, assigned bus number 2
[    1.092712] xhci_hcd 0000:08:00.1: Host supports USB 3.1 Enhanced SuperSpeed
[    1.092765] usb usb1: New USB device found, idVendor=1d6b, idProduct=0002, bcdDevice= 6.16
[    1.092771] usb usb1: New USB device strings: Mfr=3, Product=2, SerialNumber=1
[    1.092776] usb usb1: Product: xHCI Host Controller
[    1.092779] usb usb1: Manufacturer: Linux 6.16.1-061601-generic xhci-hcd
[    1.092783] usb usb1: SerialNumber: 0000:08:00.1
[    1.092916] hub 1-0:1.0: USB hub found
[    1.092938] hub 1-0:1.0: 6 ports detected
[    1.094111] usb usb2: We don't know the algorithms for LPM for this host, disabling LPM.
[    1.094138] usb usb2: New USB device found, idVendor=1d6b, idProduct=0003, bcdDevice= 6.16
[    1.094144] usb usb2: New USB device strings: Mfr=3, Product=2, SerialNumber=1
[    1.094148] usb usb2: Product: xHCI Host Controller
[    1.094152] usb usb2: Manufacturer: Linux 6.16.1-061601-generic xhci-hcd
[    1.094156] usb usb2: SerialNumber: 0000:08:00.1
[    1.094248] hub 2-0:1.0: USB hub found
[    1.094261] hub 2-0:1.0: 4 ports detected
[    1.095216] xhci_hcd 0000:08:00.3: xHCI Host Controller
[    1.095223] xhci_hcd 0000:08:00.3: new USB bus registered, assigned bus number 3
[    1.095383] xhci_hcd 0000:08:00.3: hcc params 0x0278ffe5 hci version 0x110 quirks 0x0000000000000010
[    1.095760] xhci_hcd 0000:08:00.3: xHCI Host Controller
[    1.095765] xhci_hcd 0000:08:00.3: new USB bus registered, assigned bus number 4
[    1.095770] xhci_hcd 0000:08:00.3: Host supports USB 3.1 Enhanced SuperSpeed
[    1.095811] usb usb3: New USB device found, idVendor=1d6b, idProduct=0002, bcdDevice= 6.16
[    1.095816] usb usb3: New USB device strings: Mfr=3, Product=2, SerialNumber=1
[    1.095821] usb usb3: Product: xHCI Host Controller
[    1.095825] usb usb3: Manufacturer: Linux 6.16.1-061601-generic xhci-hcd
[    1.095829] usb usb3: SerialNumber: 0000:08:00.3
[    1.095934] hub 3-0:1.0: USB hub found
[    1.095950] hub 3-0:1.0: 6 ports detected
[    1.097270] usb usb4: We don't know the algorithms for LPM for this host, disabling LPM.
[    1.097297] usb usb4: New USB device found, idVendor=1d6b, idProduct=0003, bcdDevice= 6.16
[    1.097303] usb usb4: New USB device strings: Mfr=3, Product=2, SerialNumber=1
[    1.097307] usb usb4: Product: xHCI Host Controller
[    1.097311] usb usb4: Manufacturer: Linux 6.16.1-061601-generic xhci-hcd
[    1.097315] usb usb4: SerialNumber: 0000:08:00.3
[    1.097405] hub 4-0:1.0: USB hub found
[    1.097418] hub 4-0:1.0: 4 ports detected
[    1.098238] usb: port power management may be unreliable
[    1.098408] xhci_hcd 0000:0f:00.3: xHCI Host Controller
[    1.098415] xhci_hcd 0000:0f:00.3: new USB bus registered, assigned bus number 5
[    1.098531] xhci_hcd 0000:0f:00.3: hcc params 0x0278ffe5 hci version 0x110 quirks 0x0000000000000010
[    1.098814] xhci_hcd 0000:0f:00.3: xHCI Host Controller
[    1.098819] xhci_hcd 0000:0f:00.3: new USB bus registered, assigned bus number 6
[    1.098825] xhci_hcd 0000:0f:00.3: Host supports USB 3.1 Enhanced SuperSpeed
[    1.098862] usb usb5: New USB device found, idVendor=1d6b, idProduct=0002, bcdDevice= 6.16
[    1.098867] usb usb5: New USB device strings: Mfr=3, Product=2, SerialNumber=1
[    1.098872] usb usb5: Product: xHCI Host Controller
[    1.098878] usb usb5: Manufacturer: Linux 6.16.1-061601-generic xhci-hcd
[    1.098882] usb usb5: SerialNumber: 0000:0f:00.3
[    1.098982] hub 5-0:1.0: USB hub found
[    1.098993] hub 5-0:1.0: 4 ports detected
[    1.099193] usb usb6: We don't know the algorithms for LPM for this host, disabling LPM.
[    1.099220] usb usb6: New USB device found, idVendor=1d6b, idProduct=0003, bcdDevice= 6.16
[    1.099225] usb usb6: New USB device strings: Mfr=3, Product=2, SerialNumber=1
[    1.099229] usb usb6: Product: xHCI Host Controller
[    1.099233] usb usb6: Manufacturer: Linux 6.16.1-061601-generic xhci-hcd
[    1.099237] usb usb6: SerialNumber: 0000:0f:00.3
[    1.099325] hub 6-0:1.0: USB hub found
[    1.099335] hub 6-0:1.0: 4 ports detected
[    1.099586] i8042: PNP: No PS/2 controller found.
[    1.099644] mousedev: PS/2 mouse device common for all mice
[    1.099748] rtc_cmos 00:02: RTC can wake from S4
[    1.099985] rtc_cmos 00:02: registered as rtc0
[    1.100016] rtc_cmos 00:02: setting system clock to 2025-08-21T20:55:42 UTC (1755809742)
[    1.100049] rtc_cmos 00:02: alarms up to one month, y3k, 114 bytes nvram
[    1.100060] i2c_dev: i2c /dev entries driver
[    1.100086] device-mapper: core: CONFIG_IMA_DISABLE_HTABLE is disabled. Duplicate IMA measurements will not be recorded in the IMA log.
[    1.100103] device-mapper: uevent: version 1.0.3
[    1.100155] device-mapper: ioctl: 4.50.0-ioctl (2025-04-28) initialised: dm-devel@lists.linux.dev
[    1.261394] simple-framebuffer simple-framebuffer.0: [drm] Registered 1 planes with drm panic
[    1.261403] [drm] Initialized simpledrm 1.0.0 for simple-framebuffer.0 on minor 0
[    1.267764] Console: switching to colour frame buffer device 240x33
[    1.270922] simple-framebuffer simple-framebuffer.0: [drm] fb0: simpledrmdrmfb frame buffer device
[    1.271059] drop_monitor: Initializing network drop monitor service
[    1.271168] NET: Registered PF_INET6 protocol family
[    1.276325] Segment Routing with IPv6
[    1.276369] In-situ OAM (IOAM) with IPv6
[    1.276424] NET: Registered PF_PACKET protocol family
[    1.276574] Key type dns_resolver registered
[    1.279665] x86/amd: Previous system reset reason [0x00080800]: software wrote 0x6 to reset control register 0xCF9
[    1.280603] microcode: Current revision: 0x0a201030
[    1.283450] resctrl: L3 allocation detected
[    1.284078] resctrl: MB allocation detected
[    1.284504] resctrl: L3 monitoring detected
[    1.284948] IPI shorthand broadcast: enabled
[    1.288728] sched_clock: Marking stable (965084704, 323460417)->(1442330549, -153785428)
[    1.289980] registered taskstats version 1
[    1.292769] Loading compiled-in X.509 certificates
[    1.295162] Loaded X.509 cert 'Build time autogenerated kernel key: b115450cd5a045e7cdc90741be7601c7cbf7169f'
[    1.296994] Loaded X.509 cert 'Canonical Ltd. Live Patch Signing 2025 Kmod: d541cef61dc7e793b7eb7e899970a2eef0b5dc8c'
[    1.297908] Loaded X.509 cert 'Canonical Ltd. Live Patch Signing: 14df34d1a87cf37625abec039ef2bf521249b969'
[    1.298922] Loaded X.509 cert 'Canonical Ltd. Kernel Module Signing: 88f752e560a1e0737e31163a466ad7b70a850c19'
[    1.299546] blacklist: Loading compiled-in revocation X.509 certificates
[    1.300179] Loaded X.509 cert 'Canonical Ltd. Secure Boot Signing: 61482aa2830d0ab2ad5af10b7250da9033ddcef0'
[    1.300802] Loaded X.509 cert 'Canonical Ltd. Secure Boot Signing (2017): 242ade75ac4a15e50d50c84b0d45ff3eae707a03'
[    1.301424] Loaded X.509 cert 'Canonical Ltd. Secure Boot Signing (ESM 2018): 365188c1d374d6b07c3c8f240f8ef722433d6a8b'
[    1.302029] Loaded X.509 cert 'Canonical Ltd. Secure Boot Signing (2019): c0746fd6c5da3ae827864651ad66ae47fe24b3e8'
[    1.302637] Loaded X.509 cert 'Canonical Ltd. Secure Boot Signing (2021 v1): a8d54bbb3825cfb94fa13c9f8a594a195c107b8d'
[    1.303240] Loaded X.509 cert 'Canonical Ltd. Secure Boot Signing (2021 v2): 4cf046892d6fd3c9a5b03f98d845f90851dc6a8c'
[    1.303840] Loaded X.509 cert 'Canonical Ltd. Secure Boot Signing (2021 v3): 100437bb6de6e469b581e61cd66bce3ef4ed53af'
[    1.304420] Loaded X.509 cert 'Canonical Ltd. Secure Boot Signing (Ubuntu Core 2019): c1d57b8f6b743f23ee41f4f7ee292f06eecadfb9'
[    1.311060] Demotion targets for Node 0: null
[    1.312499] Key type .fscrypt registered
[    1.312861] Key type fscrypt-provisioning registered
[    1.313282] Key type big_key registered
[    1.313629] Key type trusted registered
[    1.326755] Key type encrypted registered
[    1.328044] AppArmor: AppArmor sha256 policy hashing enabled
[    1.328459] integrity: Loading X.509 certificate: UEFI:db
[    1.329136] integrity: Loaded X.509 cert 'ASUSTeK MotherBoard SW Key Certificate: da83b990422ebc8c441f8d8b039a65a2'
[    1.329611] integrity: Loading X.509 certificate: UEFI:db
[    1.329730] usb 1-3: new high-speed USB device number 2 using xhci_hcd
[    1.330215] integrity: Loaded X.509 cert 'ASUSTeK Notebook SW Key Certificate: b8e581e4df77a5bb4282d5ccfc00c071'
[    1.331723] integrity: Loading X.509 certificate: UEFI:db
[    1.332266] integrity: Loaded X.509 cert 'Microsoft Corporation UEFI CA 2011: 13adbf4309bd82709c8cd54f316ed522988a1bd4'
[    1.332794] integrity: Loading X.509 certificate: UEFI:db
[    1.333352] integrity: Loaded X.509 cert 'Microsoft Windows Production PCA 2011: a92902398e16c49778cd90f99e4f9ae17c55af53'
[    1.333899] integrity: Loading X.509 certificate: UEFI:db
[    1.334544] integrity: Loaded X.509 cert 'Canonical Ltd. Master Certificate Authority: ad91990bc22ab1f517048c23b6655a268e345a63'
[    1.336251] Loading compiled-in module X.509 certificates
[    1.337276] Loaded X.509 cert 'Build time autogenerated kernel key: b115450cd5a045e7cdc90741be7601c7cbf7169f'
[    1.337698] usb 5-1: new full-speed USB device number 2 using xhci_hcd
[    1.337872] ima: Allocated hash algorithm: sha256
[    1.339159] usb 3-4: new full-speed USB device number 2 using xhci_hcd
[    1.361335] ima: No architecture policies found
[    1.361964] evm: Initialising EVM extended attributes:
[    1.362525] evm: security.selinux
[    1.362977] evm: security.SMACK64
[    1.363403] evm: security.SMACK64EXEC
[    1.363815] evm: security.SMACK64TRANSMUTE
[    1.364218] evm: security.SMACK64MMAP
[    1.364612] evm: security.apparmor
[    1.364995] evm: security.ima
[    1.365364] evm: security.capability
[    1.365711] evm: HMAC attrs: 0x1
[    1.366396] PM:   Magic number: 5:604:953
[    1.367019] processor cpu8: hash matches
[    1.367527] memory memory6: hash matches
[    1.369223] RAS: Correctable Errors collector initialized.
[    1.373979] clk: Disabling unused clocks
[    1.374301] PM: genpd: Disabling unused power domains
[    1.375871] Freeing unused decrypted memory: 2028K
[    1.376843] Freeing unused kernel image (initmem) memory: 5084K
[    1.377162] Write protecting the kernel read-only data: 38912k
[    1.378726] Freeing unused kernel image (text/rodata gap) memory: 400K
[    1.379548] Freeing unused kernel image (rodata/data gap) memory: 960K
[    1.422864] x86/mm: Checked W+X mappings: passed, no W+X pages found.
[    1.423156] Run /init as init process
[    1.423434]   with arguments:
[    1.423436]     /init
[    1.423437]   with environment:
[    1.423439]     HOME=/
[    1.423440]     TERM=linux
[    1.423441]     BOOT_IMAGE=/boot/vmlinuz-6.16.1-061601-generic
[    1.461881] usb 1-3: New USB device found, idVendor=05e3, idProduct=0610, bcdDevice= 6.63
[    1.462625] usb 1-3: New USB device strings: Mfr=1, Product=2, SerialNumber=0
[    1.463039] usb 1-3: Product: USB2.1 Hub
[    1.463392] usb 1-3: Manufacturer: GenesysLogic
[    1.479826] usb 3-4: config 1 has an invalid interface number: 2 but max is 1
[    1.480289] usb 3-4: config 1 has no interface number 1
[    1.490878] usb 5-1: New USB device found, idVendor=0fd9, idProduct=0070, bcdDevice= 1.21
[    1.491241] usb 5-1: New USB device strings: Mfr=1, Product=2, SerialNumber=3
[    1.491605] usb 5-1: Product: Elgato Wave:3
[    1.491960] usb 5-1: Manufacturer: Elgato Systems
[    1.492263] usb 5-1: SerialNumber: BS21K1A00673
[    1.492635] usb 3-4: New USB device found, idVendor=0b05, idProduct=18f3, bcdDevice= 1.00
[    1.492963] usb 3-4: New USB device strings: Mfr=1, Product=2, SerialNumber=3
[    1.493284] usb 3-4: Product: AURA LED Controller
[    1.493603] usb 3-4: Manufacturer: AsusTek Computer Inc.
[    1.493932] usb 3-4: SerialNumber: 9876543210
[    1.509180] hub 1-3:1.0: USB hub found
[    1.510553] hub 1-3:1.0: 4 ports detected
[    1.557272] Key type psk registered
[    1.567063] nvme nvme0: pci function 0000:04:00.0
[    1.567066] nvme nvme1: pci function 0000:01:00.0
[    1.570236] usb 2-3: new SuperSpeed USB device number 2 using xhci_hcd
[    1.580366] usb 6-3: new SuperSpeed USB device number 2 using xhci_hcd
[    1.589078] nvme nvme0: 32/0/0 default/read/poll queues
[    1.589104] usb 2-3: New USB device found, idVendor=05e3, idProduct=0626, bcdDevice= 6.63
[    1.590460] usb 2-3: New USB device strings: Mfr=1, Product=2, SerialNumber=0
[    1.590882] usb 2-3: Product: USB3.1 Hub
[    1.591265] usb 2-3: Manufacturer: GenesysLogic
[    1.595474]  nvme0n1: p1 p2 p3 p4
[    1.599572] nvme nvme1: 32/0/0 default/read/poll queues
[    1.606197] usb 6-3: New USB device found, idVendor=0bda, idProduct=0411, bcdDevice= 1.31
[    1.606395]  nvme1n1: p1 p2
[    1.607063] usb 6-3: New USB device strings: Mfr=1, Product=2, SerialNumber=0
[    1.608196] usb 6-3: Product: USB3.2 Hub
[    1.608615] usb 6-3: Manufacturer: Generic
[    1.617726] usb 3-5: new full-speed USB device number 3 using xhci_hcd
[    1.621745] hub 2-3:1.0: USB hub found
[    1.623372] hub 2-3:1.0: 4 ports detected
[    1.627588] hub 6-3:1.0: USB hub found
[    1.629386] hub 6-3:1.0: 2 ports detected
[    1.693472] usb 1-5: new high-speed USB device number 3 using xhci_hcd
[    1.707470] usb 5-2: new high-speed USB device number 3 using xhci_hcd
[    1.764843] usb 3-5: New USB device found, idVendor=1e71, idProduct=2007, bcdDevice= 2.01
[    1.765231] usb 3-5: New USB device strings: Mfr=1, Product=2, SerialNumber=3
[    1.765576] usb 3-5: Product: NZXT USB Device
[    1.765881] usb 3-5: Manufacturer: NZXT. - Inc.
[    1.766185] usb 3-5: SerialNumber: 00000000001A
[    1.786561] hid: raw HID events driver (C) Jiri Kosina
[    1.805079] usbcore: registered new interface driver usbhid
[    1.805514] usbhid: USB HID core driver
[    1.820289] usb 1-5: New USB device found, idVendor=05e3, idProduct=0610, bcdDevice=60.52
[    1.820682] usb 1-5: New USB device strings: Mfr=0, Product=1, SerialNumber=0
[    1.821060] usb 1-5: Product: USB2.0 Hub
[    1.861736] hub 1-5:1.0: USB hub found
[    1.863533] hub 1-5:1.0: 4 ports detected
[    1.915960] usb 1-3.1: new full-speed USB device number 4 using xhci_hcd
[    2.046478] tsc: Refined TSC clocksource calibration: 3393.624 MHz
[    2.047078] clocksource: tsc: mask: 0xffffffffffffffff max_cycles: 0x30eac774559, max_idle_ns: 440795212956 ns
[    2.047516] clocksource: Switched to clocksource tsc
[    2.049803] usb 1-3.1: New USB device found, idVendor=0c76, idProduct=161f, bcdDevice= 1.00
[    2.050428] usb 1-3.1: New USB device strings: Mfr=0, Product=1, SerialNumber=0
[    2.050897] usb 1-3.1: Product: USB PnP Audio Device
[    2.100460] usb 2-3.2: new SuperSpeed USB device number 3 using xhci_hcd
[    2.349294] usb 2-3.2: New USB device found, idVendor=2109, idProduct=8110, bcdDevice=90.74
[    2.349938] usb 2-3.2: New USB device strings: Mfr=1, Product=2, SerialNumber=0
[    2.350385] usb 2-3.2: Product: USB3.0 Hub             
[    2.350771] usb 2-3.2: Manufacturer: VIA Labs, Inc.         
[    2.373846] hub 2-3.2:1.0: USB hub found
[    2.375683] hub 2-3.2:1.0: 4 ports detected
[    2.459795] usb 1-6: new full-speed USB device number 5 using xhci_hcd
[    2.614814] usb 1-6: New USB device found, idVendor=8087, idProduct=0029, bcdDevice= 0.01
[    2.615470] usb 1-6: New USB device strings: Mfr=0, Product=0, SerialNumber=0
[    2.694796] usb 1-3.2: new high-speed USB device number 6 using xhci_hcd
[    2.800792] usb 1-3.2: New USB device found, idVendor=2109, idProduct=2811, bcdDevice=90.70
[    2.801456] usb 1-3.2: New USB device strings: Mfr=1, Product=2, SerialNumber=0
[    2.801865] usb 1-3.2: Product: USB2.0 Hub             
[    2.802244] usb 1-3.2: Manufacturer: VIA Labs, Inc.         
[    2.853791] hub 1-3.2:1.0: USB hub found
[    2.855775] hub 1-3.2:1.0: 4 ports detected
[    2.872332] dca service started, version 1.12.1
[    2.875251] hid-generic 0003:0B05:18F3.0001: hiddev0,hidraw0: USB HID v1.11 Device [AsusTek Computer Inc. AURA LED Controller] on usb-0000:08:00.3-4/input2
[    2.876779] hid-generic 0003:1E71:2007.0002: hiddev1,hidraw1: USB HID v1.11 Device [NZXT. - Inc. NZXT USB Device] on usb-0000:08:00.3-5/input0
[    2.877915] input: USB PnP Audio Device as /devices/pci0000:00/0000:00:01.2/0000:02:00.0/0000:03:08.0/0000:08:00.1/usb1/1-3/1-3.1/1-3.1:1.3/0003:0C76:161F.0003/input/input2
[    2.877948] ahci 0000:09:00.0: AHCI vers 0001.0301, 32 command slots, 6 Gbps, SATA mode
[    2.879733] ahci 0000:09:00.0: 2/2 ports implemented (port mask 0x5)
[    2.880865] ahci 0000:09:00.0: flags: 64bit ncq sntf ilck pm led clo only pmp fbs pio slum part 
[    2.882252] scsi host0: ahci
[    2.883698] scsi host1: ahci
[    2.884980] scsi host2: ahci
[    2.886022] ata1: SATA max UDMA/133 abar m2048@0xfc500000 port 0xfc500100 irq 130 lpm-pol 3
[    2.887080] ata2: DUMMY
[    2.888118] ata3: SATA max UDMA/133 abar m2048@0xfc500000 port 0xfc500200 irq 132 lpm-pol 3
[    2.889440] ahci 0000:0a:00.0: AHCI vers 0001.0301, 32 command slots, 6 Gbps, SATA mode
[    2.889705] igb: Intel(R) Gigabit Ethernet Network Driver
[    2.890199] ahci 0000:0a:00.0: 1/1 ports implemented (port mask 0x1)
[    2.890749] igb: Copyright (c) 2007-2014 Intel Corporation.
[    2.891337] ahci 0000:0a:00.0: flags: 64bit ncq sntf ilck pm led clo only pmp fbs pio slum part 
[    2.892641] scsi host3: ahci
[    2.893185] ata4: SATA max UDMA/133 abar m2048@0xfc400000 port 0xfc400100 irq 146 lpm-pol 3
[    2.895820] r8169 0000:06:00.0 eth0: RTL8125A, fc:34:97:a6:40:e5, XID 609, IRQ 152
[    2.896329] r8169 0000:06:00.0 eth0: jumbo features [frames: 16362 bytes, tx checksumming: ko]
[    2.921162] igb 0000:07:00.0: added PHC on eth1
[    2.921763] igb 0000:07:00.0: Intel(R) Gigabit Ethernet Network Connection
[    2.922216] igb 0000:07:00.0: eth1: (PCIe:2.5Gb/s:Width x1) fc:34:97:a6:41:46
[    2.922672] igb 0000:07:00.0: eth1: PBA No: FFFFFF-0FF
[    2.923114] igb 0000:07:00.0: Using MSI-X interrupts. 2 rx queue(s), 2 tx queue(s)
[    2.929562] hid-generic 0003:0C76:161F.0003: input,hidraw2: USB HID v1.00 Device [USB PnP Audio Device] on usb-0000:08:00.1-3.1/input3
[    3.147768] usb 1-3.2.1: new low-speed USB device number 7 using xhci_hcd
[    3.208489] ata4: SATA link down (SStatus 0 SControl 300)
[    3.256132] usb 1-3.2.1: New USB device found, idVendor=04f2, idProduct=0833, bcdDevice= 2.30
[    3.256932] usb 1-3.2.1: New USB device strings: Mfr=1, Product=2, SerialNumber=0
[    3.257479] usb 1-3.2.1: Product: USB Keyboard
[    3.257952] usb 1-3.2.1: Manufacturer: CHICONY
[    3.340431] input: CHICONY USB Keyboard as /devices/pci0000:00/0000:00:01.2/0000:02:00.0/0000:03:08.0/0000:08:00.1/usb1/1-3/1-3.2/1-3.2.1/1-3.2.1:1.0/0003:04F2:0833.0004/input/input3
[    3.358615] ata1: SATA link up 6.0 Gbps (SStatus 133 SControl 300)
[    3.359451] ata3: SATA link up 6.0 Gbps (SStatus 133 SControl 300)
[    3.360000] ata1.00: Model 'Samsung SSD 870 EVO 4TB', rev 'SVT02B6Q', applying quirks: noncqtrim zeroaftertrim noncqonati nolpmonati
[    3.361057] ata3.00: Model 'Samsung SSD 870 EVO 4TB', rev 'SVT03B6Q', applying quirks: noncqtrim zeroaftertrim noncqonati nolpmonati
[    3.361736] ata1.00: supports DRM functions and may not be fully accessible
[    3.362302] ata1.00: ATA-11: Samsung SSD 870 EVO 4TB, SVT02B6Q, max UDMA/133
[    3.362909] ata3.00: supports DRM functions and may not be fully accessible
[    3.363551] ata3.00: ATA-11: Samsung SSD 870 EVO 4TB, SVT03B6Q, max UDMA/133
[    3.364619] ata1.00: 7814037168 sectors, multi 1: LBA48 NCQ (depth 32), AA
[    3.365210] ata3.00: 7814037168 sectors, multi 1: LBA48 NCQ (depth 32), AA
[    3.369510] ata1.00: Features: Trust Dev-Sleep NCQ-sndrcv
[    3.370117] ata3.00: Features: Trust Dev-Sleep NCQ-sndrcv
[    3.371050] ata1.00: supports DRM functions and may not be fully accessible
[    3.371703] ata3.00: supports DRM functions and may not be fully accessible
[    3.376818] ata1.00: configured for UDMA/133
[    3.377307] ata3.00: configured for UDMA/133
[    3.388091] scsi 0:0:0:0: Direct-Access     ATA      Samsung SSD 870  2B6Q PQ: 0 ANSI: 5
[    3.389672] ata1.00: Enabling discard_zeroes_data
[    3.389677] sd 0:0:0:0: Attached scsi generic sg0 type 0
[    3.390932] sd 0:0:0:0: [sda] 7814037168 512-byte logical blocks: (4.00 TB/3.64 TiB)
[    3.391650] hid-generic 0003:04F2:0833.0004: input,hidraw3: USB HID v1.11 Keyboard [CHICONY USB Keyboard] on usb-0000:08:00.1-3.2.1/input0
[    3.391806] scsi 2:0:0:0: Direct-Access     ATA      Samsung SSD 870  3B6Q PQ: 0 ANSI: 5
[    3.392155] ata3.00: Enabling discard_zeroes_data
[    3.392167] sd 2:0:0:0: [sdb] 7814037168 512-byte logical blocks: (4.00 TB/3.64 TiB)
[    3.392178] sd 2:0:0:0: [sdb] Write Protect is off
[    3.392215] sd 0:0:0:0: [sda] Write Protect is off
[    3.392216] sd 2:0:0:0: Attached scsi generic sg1 type 0
[    3.392218] sd 0:0:0:0: [sda] Mode Sense: 00 3a 00 00
[    3.392230] sd 0:0:0:0: [sda] Write cache: enabled, read cache: enabled, doesn't support DPO or FUA
[    3.392263] sd 0:0:0:0: [sda] Preferred minimum I/O size 512 bytes
[    3.397111] sd 2:0:0:0: [sdb] Mode Sense: 00 3a 00 00
[    3.397128] sd 2:0:0:0: [sdb] Write cache: enabled, read cache: enabled, doesn't support DPO or FUA
[    3.397687] sd 2:0:0:0: [sdb] Preferred minimum I/O size 512 bytes
[    3.402999] input: CHICONY USB Keyboard System Control as /devices/pci0000:00/0000:00:01.2/0000:02:00.0/0000:03:08.0/0000:08:00.1/usb1/1-3/1-3.2/1-3.2.1/1-3.2.1:1.1/0003:04F2:0833.0005/input/input4
[    3.417570] ata1.00: Enabling discard_zeroes_data
[    3.418152] ata3.00: Enabling discard_zeroes_data
[    3.438436]  sdb: sdb1 sdb2
[    3.438892]  sda: sda1 sda2
[    3.439936] sd 2:0:0:0: [sdb] supports TCG Opal
[    3.440380] sd 2:0:0:0: [sdb] Attached SCSI disk
[    3.440516] sd 0:0:0:0: [sda] supports TCG Opal
[    3.441248] sd 0:0:0:0: [sda] Attached SCSI disk
[    3.443051] igb 0000:07:00.0 enp7s0: renamed from eth1
[    3.444131] r8169 0000:06:00.0 enp6s0: renamed from eth0
[    3.455568] input: CHICONY USB Keyboard Consumer Control as /devices/pci0000:00/0000:00:01.2/0000:02:00.0/0000:03:08.0/0000:08:00.1/usb1/1-3/1-3.2/1-3.2.1/1-3.2.1:1.1/0003:04F2:0833.0005/input/input5
[    3.456638] input: CHICONY USB Keyboard as /devices/pci0000:00/0000:00:01.2/0000:02:00.0/0000:03:08.0/0000:08:00.1/usb1/1-3/1-3.2/1-3.2.1/1-3.2.1:1.1/0003:04F2:0833.0005/input/input6
[    3.459447] hid-generic 0003:04F2:0833.0005: input,hiddev2,hidraw4: USB HID v1.11 Device [CHICONY USB Keyboard] on usb-0000:08:00.1-3.2.1/input1
[    3.536472] usb 1-3.2.2: new full-speed USB device number 8 using xhci_hcd
[    3.662043] usb 1-3.2.2: New USB device found, idVendor=04d9, idProduct=fc62, bcdDevice= 2.10
[    3.662805] usb 1-3.2.2: New USB device strings: Mfr=0, Product=2, SerialNumber=0
[    3.663331] usb 1-3.2.2: Product: USB Gaming Mouse
[    3.792301] input: USB Gaming Mouse as /devices/pci0000:00/0000:00:01.2/0000:02:00.0/0000:03:08.0/0000:08:00.1/usb1/1-3/1-3.2/1-3.2.2/1-3.2.2:1.0/0003:04D9:FC62.0006/input/input7
[    3.794480] hid-generic 0003:04D9:FC62.0006: input,hidraw5: USB HID v1.10 Mouse [USB Gaming Mouse] on usb-0000:08:00.1-3.2.2/input0
[    3.803040] input: USB Gaming Mouse as /devices/pci0000:00/0000:00:01.2/0000:02:00.0/0000:03:08.0/0000:08:00.1/usb1/1-3/1-3.2/1-3.2.2/1-3.2.2:1.1/0003:04D9:FC62.0007/input/input8
[    3.854830] hid-generic 0003:04D9:FC62.0007: input,hidraw6: USB HID v1.10 Keyboard [USB Gaming Mouse] on usb-0000:08:00.1-3.2.2/input1
[    3.863625] input: USB Gaming Mouse Consumer Control as /devices/pci0000:00/0000:00:01.2/0000:02:00.0/0000:03:08.0/0000:08:00.1/usb1/1-3/1-3.2/1-3.2.2/1-3.2.2:1.2/0003:04D9:FC62.0008/input/input9
[    3.915928] input: USB Gaming Mouse as /devices/pci0000:00/0000:00:01.2/0000:02:00.0/0000:03:08.0/0000:08:00.1/usb1/1-3/1-3.2/1-3.2.2/1-3.2.2:1.2/0003:04D9:FC62.0008/input/input10
[    3.918172] hid-generic 0003:04D9:FC62.0008: input,hiddev3,hidraw7: USB HID v1.10 Device [USB Gaming Mouse] on usb-0000:08:00.1-3.2.2/input2
[    3.994822] usb 1-3.2.4: new full-speed USB device number 9 using xhci_hcd
[    4.049643] usb 5-2: New USB device found, idVendor=046d, idProduct=085c, bcdDevice= 0.16
[    4.050576] usb 5-2: New USB device strings: Mfr=0, Product=2, SerialNumber=1
[    4.051193] usb 5-2: Product: C922 Pro Stream Webcam
[    4.051753] usb 5-2: SerialNumber: 8EA900BF
[    4.104784] usb 1-3.2.4: New USB device found, idVendor=1050, idProduct=0407, bcdDevice= 5.27
[    4.105694] usb 1-3.2.4: New USB device strings: Mfr=1, Product=2, SerialNumber=0
[    4.106304] usb 1-3.2.4: Product: YubiKey OTP+FIDO+CCID
[    4.106834] usb 1-3.2.4: Manufacturer: Yubico
[    4.187782] usb 5-3: new high-speed USB device number 4 using xhci_hcd
[    4.267272] input: Yubico YubiKey OTP+FIDO+CCID as /devices/pci0000:00/0000:00:01.2/0000:02:00.0/0000:03:08.0/0000:08:00.1/usb1/1-3/1-3.2/1-3.2.4/1-3.2.4:1.0/0003:1050:0407.0009/input/input11
[    4.318789] hid-generic 0003:1050:0407.0009: input,hidraw8: USB HID v1.10 Keyboard [Yubico YubiKey OTP+FIDO+CCID] on usb-0000:08:00.1-3.2.4/input0
[    4.324118] hid-generic 0003:1050:0407.000A: hiddev4,hidraw9: USB HID v1.10 Device [Yubico YubiKey OTP+FIDO+CCID] on usb-0000:08:00.1-3.2.4/input1
[    4.331783] usb 5-3: New USB device found, idVendor=0bda, idProduct=5411, bcdDevice= 1.31
[    4.332709] usb 5-3: New USB device strings: Mfr=1, Product=2, SerialNumber=0
[    4.333333] usb 5-3: Product: USB2.1 Hub
[    4.333928] usb 5-3: Manufacturer: Generic
[    4.396241] hub 5-3:1.0: USB hub found
[    4.398688] hub 5-3:1.0: 3 ports detected
[    4.573584] usb 5-4: new high-speed USB device number 5 using xhci_hcd
[    4.702421] usb 5-4: New USB device found, idVendor=0fd9, idProduct=006d, bcdDevice= 2.00
[    4.703292] usb 5-4: New USB device strings: Mfr=1, Product=2, SerialNumber=3
[    4.703855] usb 5-4: Product: Stream Deck
[    4.704370] usb 5-4: Manufacturer: Elgato
[    4.704878] usb 5-4: SerialNumber: AL43J2C09408
[    4.781378] input: Elgato Stream Deck as /devices/pci0000:00/0000:00:08.1/0000:0f:00.3/usb5/5-4/5-4:1.0/0003:0FD9:006D.000B/input/input12
[    4.832916] hid-generic 0003:0FD9:006D.000B: input,hidraw10: USB HID v1.10 Device [Elgato Stream Deck] on usb-0000:0f:00.3-4/input0
[    4.933462] raid6: avx2x4   gen() 37495 MB/s
[    4.950463] raid6: avx2x2   gen() 33662 MB/s
[    4.967462] raid6: avx2x1   gen() 26535 MB/s
[    4.967469] raid6: using algorithm avx2x4 gen() 37495 MB/s
[    4.984465] raid6: .... xor() 5778 MB/s, rmw enabled
[    4.984472] raid6: using avx2x2 recovery algorithm
[    4.985699] xor: automatically using best checksumming function   avx       
[    5.049957] Btrfs loaded, zoned=yes, fsverity=yes
[    5.127974] EXT4-fs (nvme1n1p2): mounted filesystem abca6667-1fef-4c79-9f71-64028d3bd545 ro with ordered data mode. Quota mode: none.
[    5.229926] systemd[1]: Inserted module 'autofs4'
[    5.245171] systemd[1]: systemd 255.4-1ubuntu8.10 running in system mode (+PAM +AUDIT +SELINUX +APPARMOR +IMA +SMACK +SECCOMP +GCRYPT -GNUTLS +OPENSSL +ACL +BLKID +CURL +ELFUTILS +FIDO2 +IDN2 -IDN +IPTC +KMOD +LIBCRYPTSETUP +LIBFDISK +PCRE2 -PWQUALITY +P11KIT +QRENCODE +TPM2 +BZIP2 +LZ4 +XZ +ZLIB +ZSTD -BPF_FRAMEWORK -XKBCOMMON +UTMP +SYSVINIT default-hierarchy=unified)
[    5.245251] systemd[1]: Detected architecture x86-64.
[    5.246433] systemd[1]: Hostname set to <DESKTOP-1VF8NE6>.
[    5.459075] systemd[1]: Queued start job for default target graphical.target.
[    5.477711] systemd[1]: Created slice machine.slice - Virtual Machine and Container Slice.
[    5.478660] systemd[1]: Created slice system-modprobe.slice - Slice /system/modprobe.
[    5.479231] systemd[1]: Created slice system-systemd\x2dfsck.slice - Slice /system/systemd-fsck.
[    5.481374] systemd[1]: Created slice user.slice - User and Session Slice.
[    5.483488] systemd[1]: Started systemd-ask-password-wall.path - Forward Password Requests to Wall Directory Watch.
[    5.485013] systemd[1]: Set up automount proc-sys-fs-binfmt_misc.automount - Arbitrary Executable File Formats File System Automount Point.
[    5.486385] systemd[1]: Expecting device dev-disk-by\x2duuid-1ACA9639CA96115D.device - /dev/disk/by-uuid/1ACA9639CA96115D...
[    5.487772] systemd[1]: Expecting device dev-disk-by\x2duuid-5202938C02937427.device - /dev/disk/by-uuid/5202938C02937427...
[    5.489160] systemd[1]: Expecting device dev-disk-by\x2duuid-F4CD\x2d268E.device - /dev/disk/by-uuid/F4CD-268E...
[    5.490555] systemd[1]: Reached target integritysetup.target - Local Integrity Protected Volumes.
[    5.491880] systemd[1]: Reached target nss-user-lookup.target - User and Group Name Lookups.
[    5.493008] systemd[1]: Reached target remote-fs.target - Remote File Systems.
[    5.494135] systemd[1]: Reached target slices.target - Slice Units.
[    5.495254] systemd[1]: Reached target snapd.mounts-pre.target - Mounting snaps.
[    5.496394] systemd[1]: Reached target veritysetup.target - Local Verity Protected Volumes.
[    5.497532] systemd[1]: Reached target virt-guest-shutdown.target - libvirt guests shutdown target.
[    5.498742] systemd[1]: Listening on dm-event.socket - Device-mapper event daemon FIFOs.
[    5.500252] systemd[1]: Listening on lvm2-lvmpolld.socket - LVM2 poll daemon socket.
[    5.501520] systemd[1]: Listening on syslog.socket - Syslog Socket.
[    5.502745] systemd[1]: Listening on systemd-fsckd.socket - fsck to fsckd communication Socket.
[    5.503947] systemd[1]: Listening on systemd-initctl.socket - initctl Compatibility Named Pipe.
[    5.505198] systemd[1]: Listening on systemd-journald-dev-log.socket - Journal Socket (/dev/log).
[    5.506470] systemd[1]: Listening on systemd-journald.socket - Journal Socket.
[    5.507682] systemd[1]: systemd-pcrextend.socket - TPM2 PCR Extension (Varlink) was skipped because of an unmet condition check (ConditionSecurity=measured-uki).
[    5.508372] systemd[1]: Listening on systemd-udevd-control.socket - udev Control Socket.
[    5.509640] systemd[1]: Listening on systemd-udevd-kernel.socket - udev Kernel Socket.
[    5.537526] systemd[1]: Mounting dev-hugepages.mount - Huge Pages File System...
[    5.540509] systemd[1]: Mounting dev-mqueue.mount - POSIX Message Queue File System...
[    5.542836] systemd[1]: Mounting sys-kernel-debug.mount - Kernel Debug File System...
[    5.545507] systemd[1]: Mounting sys-kernel-tracing.mount - Kernel Trace File System...
[    5.549611] systemd[1]: Starting systemd-journald.service - Journal Service...
[    5.553418] systemd[1]: Finished blk-availability.service - Availability of block devices.
[    5.555987] systemd[1]: Starting keyboard-setup.service - Set the console keyboard layout...
[    5.559003] systemd[1]: Starting kmod-static-nodes.service - Create List of Static Device Nodes...
[    5.561857] systemd[1]: Starting lvm2-monitor.service - Monitoring of LVM2 mirrors, snapshots etc. using dmeventd or progress polling...
[    5.563428] systemd-journald[563]: Collecting audit messages is disabled.
[    5.565302] systemd[1]: Starting modprobe@configfs.service - Load Kernel Module configfs...
[    5.567968] systemd[1]: Starting modprobe@dm_mod.service - Load Kernel Module dm_mod...
[    5.570080] systemd[1]: Starting modprobe@drm.service - Load Kernel Module drm...
[    5.572148] systemd[1]: Starting modprobe@efi_pstore.service - Load Kernel Module efi_pstore...
[    5.574036] systemd[1]: Starting modprobe@fuse.service - Load Kernel Module fuse...
[    5.575910] systemd[1]: Starting modprobe@loop.service - Load Kernel Module loop...
[    5.577151] systemd[1]: systemd-fsck-root.service - File System Check on Root Device was skipped because of an unmet condition check (ConditionPathExists=!/run/initramfs/fsck-root).
[    5.578317] pstore: Using crash dump compression: deflate
[    5.578885] systemd[1]: Starting systemd-modules-load.service - Load Kernel Modules...
[    5.580669] systemd[1]: systemd-pcrmachine.service - TPM2 PCR Machine ID Measurement was skipped because of an unmet condition check (ConditionSecurity=measured-uki).
[    5.580874] pstore: Registered efi_pstore as persistent store backend
[    5.582062] systemd[1]: Starting systemd-remount-fs.service - Remount Root and Kernel File Systems...
[    5.583655] systemd[1]: systemd-tpm2-setup-early.service - TPM2 SRK Setup (Early) was skipped because of an unmet condition check (ConditionSecurity=measured-uki).
[    5.585331] systemd[1]: Starting systemd-udev-trigger.service - Coldplug All udev Devices...
[    5.588071] systemd[1]: Mounted dev-hugepages.mount - Huge Pages File System.
[    5.590248] systemd[1]: Mounted dev-mqueue.mount - POSIX Message Queue File System.
[    5.591910] systemd[1]: Mounted sys-kernel-debug.mount - Kernel Debug File System.
[    5.593497] systemd[1]: Mounted sys-kernel-tracing.mount - Kernel Trace File System.
[    5.593575] lp: driver loaded but no devices found
[    5.595897] systemd[1]: Finished kmod-static-nodes.service - Create List of Static Device Nodes.
[    5.597577] systemd[1]: modprobe@configfs.service: Deactivated successfully.
[    5.598031] ppdev: user-space parallel port driver
[    5.598208] systemd[1]: Finished modprobe@configfs.service - Load Kernel Module configfs.
[    5.600248] systemd[1]: modprobe@dm_mod.service: Deactivated successfully.
[    5.600906] systemd[1]: Finished modprobe@dm_mod.service - Load Kernel Module dm_mod.
[    5.602482] systemd[1]: Finished keyboard-setup.service - Set the console keyboard layout.
[    5.603921] systemd[1]: modprobe@drm.service: Deactivated successfully.
[    5.604542] systemd[1]: Finished modprobe@drm.service - Load Kernel Module drm.
[    5.606027] systemd[1]: modprobe@efi_pstore.service: Deactivated successfully.
[    5.606681] systemd[1]: Finished modprobe@efi_pstore.service - Load Kernel Module efi_pstore.
[    5.608116] systemd[1]: modprobe@fuse.service: Deactivated successfully.
[    5.608736] systemd[1]: Finished modprobe@fuse.service - Load Kernel Module fuse.
[    5.610164] systemd[1]: modprobe@loop.service: Deactivated successfully.
[    5.610394] EXT4-fs (nvme1n1p2): re-mounted abca6667-1fef-4c79-9f71-64028d3bd545 r/w.
[    5.610953] systemd[1]: Finished modprobe@loop.service - Load Kernel Module loop.
[    5.614277] systemd[1]: Finished systemd-remount-fs.service - Remount Root and Kernel File Systems.
[    5.616552] systemd[1]: Activating swap swapfile.swap - /swapfile...
[    5.618972] systemd[1]: Mounting sys-fs-fuse-connections.mount - FUSE Control File System...
[    5.621470] systemd[1]: Mounting sys-kernel-config.mount - Kernel Configuration File System...
[    5.623110] Adding 524284k swap on /swapfile.  Priority:-2 extents:6 across:655360k SS
[    5.624365] systemd[1]: systemd-hwdb-update.service - Rebuild Hardware Database was skipped because of an unmet condition check (ConditionNeedsUpdate=/etc).
[    5.625025] systemd[1]: systemd-pstore.service - Platform Persistent Storage Archival was skipped because of an unmet condition check (ConditionDirectoryNotEmpty=/sys/fs/pstore).
[    5.626796] systemd[1]: Starting systemd-random-seed.service - Load/Save OS Random Seed...
[    5.627934] wireguard: WireGuard 1.0.0 loaded. See www.wireguard.com for information.
[    5.628421] wireguard: Copyright (C) 2015-2019 Jason A. Donenfeld <Jason@zx2c4.com>. All Rights Reserved.
[    5.629820] systemd[1]: systemd-repart.service - Repartition Root Disk was skipped because no trigger condition checks were met.
[    5.631683] systemd[1]: Starting systemd-tmpfiles-setup-dev-early.service - Create Static Device Nodes in /dev gracefully...
[    5.633488] systemd[1]: systemd-tpm2-setup.service - TPM2 SRK Setup was skipped because of an unmet condition check (ConditionSecurity=measured-uki).
[    5.634956] systemd[1]: Activated swap swapfile.swap - /swapfile.
[    5.635799] nct6775: Found NCT6798D or compatible chip at 0x2e:0x290
[    5.637447] systemd[1]: Finished lvm2-monitor.service - Monitoring of LVM2 mirrors, snapshots etc. using dmeventd or progress polling.
[    5.638929] systemd[1]: Mounted sys-fs-fuse-connections.mount - FUSE Control File System.
[    5.640246] systemd[1]: Mounted sys-kernel-config.mount - Kernel Configuration File System.
[    5.641771] systemd[1]: Finished systemd-random-seed.service - Load/Save OS Random Seed.
[    5.643108] systemd[1]: Reached target swap.target - Swaps.
[    5.644329] systemd[1]: Started systemd-journald.service - Journal Service.
[    5.662449] systemd-journald[563]: Received client request to flush runtime journal.
[    5.672097] systemd-journald[563]: /var/log/journal/a7f9e28a32d84e248fc00e6db59e0233/system.journal: Journal file uses a different sequence number ID, rotating.
[    5.672693] systemd-journald[563]: Rotating system journal.
[    5.680387] loop0: detected capacity change from 0 to 112712
[    5.682702] loop1: detected capacity change from 0 to 112824
[    5.684926] loop2: detected capacity change from 0 to 8
[    5.688536] loop3: detected capacity change from 0 to 27120
[    5.689740] loop4: detected capacity change from 0 to 113624
[    5.692760] loop5: detected capacity change from 0 to 113624
[    5.695399] loop6: detected capacity change from 0 to 130592
[    5.696296] loop7: detected capacity change from 0 to 130592
[    5.699711] loop8: detected capacity change from 0 to 151376
[    5.703771] loop9: detected capacity change from 0 to 151376
[    5.706849] loop10: detected capacity change from 0 to 136776
[    5.707095] loop11: detected capacity change from 0 to 136736
[    5.711627] loop12: detected capacity change from 0 to 367888
[    5.713852] loop13: detected capacity change from 0 to 370112
[    5.716298] loop14: detected capacity change from 0 to 502024
[    5.717543] loop15: detected capacity change from 0 to 502920
[    5.721757] loop17: detected capacity change from 0 to 22752
[    5.721818] loop16: detected capacity change from 0 to 22800
[    5.725631] loop18: detected capacity change from 0 to 716176
[    5.727264] loop19: detected capacity change from 0 to 1034424
[    5.729377] loop20: detected capacity change from 0 to 1056784
[    5.733552] loop21: detected capacity change from 0 to 1207552
[    5.739653] loop22: detected capacity change from 0 to 187776
[    5.739653] loop23: detected capacity change from 0 to 828160
[    5.743714] loop24: detected capacity change from 0 to 595512
[    5.744845] loop25: detected capacity change from 0 to 595504
[    5.753522] loop26: detected capacity change from 0 to 416448
[    5.757599] loop27: detected capacity change from 0 to 416448
[    5.760392] loop28: detected capacity change from 0 to 14720
[    5.762446] loop29: detected capacity change from 0 to 14720
[    5.766873] loop30: detected capacity change from 0 to 104240
[    5.768497] loop31: detected capacity change from 0 to 100952
[    5.771317] loop32: detected capacity change from 0 to 380048
[    5.773082] loop33: detected capacity change from 0 to 388376
[    5.776872] loop34: detected capacity change from 0 to 430832
[    5.778916] loop35: detected capacity change from 0 to 430032
[    5.914897] mc: Linux media interface: v0.10
[    5.961262] cfg80211: Loading compiled-in X.509 certificates for regulatory database
[    5.961409] Loaded X.509 cert 'sforshee: 00b28ddf47aef9cea7'
[    5.961522] Loaded X.509 cert 'wens: 61c038651aabdcf94bd0ac7ff06c7248db18c600'
[    5.967137] Bluetooth: Core ver 2.22
[    5.967780] videodev: Linux video capture interface: v2.00
[    5.968174] asus-ec-sensors asus-ec-sensors: board has 7 EC sensors that span 9 registers
[    5.968507] ccp 0000:0f:00.1: enabling device (0000 -> 0002)
[    5.968678] RAPL PMU: API unit is 2^-32 Joules, 2 fixed counters, 163840 ms ovfl timer
[    5.968681] RAPL PMU: hw unit of domain package 2^-16 Joules
[    5.968683] RAPL PMU: hw unit of domain core 2^-16 Joules
[    5.970838] ccp 0000:0f:00.1: ccp: unable to access the device: you might be running a broken BIOS.
[    5.970940] ccp 0000:0f:00.1: psp enabled
[    5.971103] piix4_smbus 0000:00:14.0: SMBus Host Controller at 0xb00, revision 0
[    5.971108] piix4_smbus 0000:00:14.0: Using register 0x02 for SMBus port selection
[    5.972112] i2c i2c-0: Successfully instantiated SPD at 0x50
[    5.979931] i2c i2c-0: Successfully instantiated SPD at 0x51
[    5.980576] i2c i2c-0: Successfully instantiated SPD at 0x52
[    5.982066] i2c i2c-0: Successfully instantiated SPD at 0x53
[    5.982584] NET: Registered PF_BLUETOOTH protocol family
[    5.983033] piix4_smbus 0000:00:14.0: Auxiliary SMBus Host Controller at 0xb20
[    5.983529] Bluetooth: HCI device and connection manager initialized
[    5.984760] Bluetooth: HCI socket layer initialized
[    5.984762] Bluetooth: L2CAP socket layer initialized
[    5.984770] Bluetooth: SCO socket layer initialized
[    5.986284] asus_wmi: ASUS WMI generic driver loaded
[    5.989604] asus_wmi: failed to register LPS0 sleep handler in asus-wmi
[    5.989939] asus_wmi: Initialization: 0x0
[    5.989994] asus_wmi: BIOS WMI version: 0.9
[    5.990309] asus_wmi: SFUN value: 0x0
[    5.990312] eeepc-wmi eeepc-wmi: Detected ASUSWMI, use DCTS
[    5.993928] input: Eee PC WMI hotkeys as /devices/platform/eeepc-wmi/input/input13
[    6.010774] Intel(R) Wireless WiFi driver for Linux
[    6.012005] iwlwifi 0000:05:00.0: enabling device (0000 -> 0002)
[    6.014858] ee1004 0-0050: 512 byte EE1004-compliant SPD EEPROM, read-only
[    6.016942] iwlwifi 0000:05:00.0: Detected crf-id 0x3617, cnv-id 0x100530 wfpm id 0x80000000
[    6.017572] iwlwifi 0000:05:00.0: PCI dev 2723/0084, rev=0x340, rfid=0x10a100
[    6.018057] ee1004 0-0051: 512 byte EE1004-compliant SPD EEPROM, read-only
[    6.018089] iwlwifi 0000:05:00.0: Detected Intel(R) Wi-Fi 6 AX200 160MHz
[    6.019712] usb 5-2: Found UVC 1.00 device C922 Pro Stream Webcam (046d:085c)
[    6.021046] ee1004 0-0052: 512 byte EE1004-compliant SPD EEPROM, read-only
[    6.023018] iwlwifi 0000:05:00.0: TLV_FW_FSEQ_VERSION: FSEQ Version: 89.3.35.37
[    6.024016] ee1004 0-0053: 512 byte EE1004-compliant SPD EEPROM, read-only
